stm32f0xx_can.c:153:6:CAN_DeInit	16	static
stm32f0xx_can.c:173:9:CAN_Init	24	static
stm32f0xx_can.c:311:6:CAN_FilterInit	24	static
stm32f0xx_can.c:402:6:CAN_StructInit	16	static
stm32f0xx_can.c:445:6:CAN_SlaveStartBank	16	static
stm32f0xx_can.c:470:6:CAN_DBGFreeze	16	static
stm32f0xx_can.c:499:6:CAN_TTComModeCmd	16	static
stm32f0xx_can.c:553:9:CAN_Transmit	24	static
stm32f0xx_can.c:625:9:CAN_TransmitStatus	24	static
stm32f0xx_can.c:679:6:CAN_CancelTransmit	16	static
stm32f0xx_can.c:726:6:CAN_Receive	24	static
stm32f0xx_can.c:775:6:CAN_FIFORelease	16	static
stm32f0xx_can.c:798:9:CAN_MessagePending	24	static
stm32f0xx_can.c:848:9:CAN_OperatingModeRequest	24	static
stm32f0xx_can.c:929:9:CAN_Sleep	24	static
stm32f0xx_can.c:954:9:CAN_WakeUp	24	static
stm32f0xx_can.c:1016:9:CAN_GetLastErrorCode	24	static
stm32f0xx_can.c:1041:9:CAN_GetReceiveErrorCounter	24	static
stm32f0xx_can.c:1061:9:CAN_GetLSBTransmitErrorCounter	24	static
stm32f0xx_can.c:1220:6:CAN_ITConfig	24	static
stm32f0xx_can.c:1260:12:CAN_GetFlagStatus	24	static
stm32f0xx_can.c:1360:6:CAN_ClearFlag	24	static
stm32f0xx_can.c:1420:10:CAN_GetITStatus	32	static
stm32f0xx_can.c:1524:6:CAN_ClearITPendingBit	16	static
stm32f0xx_can.c:1602:17:CheckITStatus	24	static
