stm32f0xx_flash.c:135:6:FLASH_SetLatency	24	static
stm32f0xx_flash.c:159:6:FLASH_PrefetchBufferCmd	16	static
stm32f0xx_flash.c:179:12:FLASH_GetPrefetchBufferStatus	16	static
stm32f0xx_flash.c:232:6:FLASH_Unlock	8	static
stm32f0xx_flash.c:247:6:FLASH_Lock	8	static
stm32f0xx_flash.c:264:14:FLASH_ErasePage	32	static
stm32f0xx_flash.c:301:14:FLASH_EraseAllPages	24	static
stm32f0xx_flash.c:335:14:FLASH_ProgramWord	32	static
stm32f0xx_flash.c:392:14:FLASH_ProgramHalfWord	32	static
stm32f0xx_flash.c:482:6:FLASH_OB_Unlock	8	static
stm32f0xx_flash.c:497:6:FLASH_OB_Lock	8	static
stm32f0xx_flash.c:508:6:FLASH_OB_Launch	8	static
stm32f0xx_flash.c:524:14:FLASH_OB_Erase	24	static
stm32f0xx_flash.c:593:14:FLASH_OB_EnableWRP	40	static
stm32f0xx_flash.c:667:14:FLASH_OB_RDPConfig	32	static
stm32f0xx_flash.c:735:14:FLASH_OB_UserConfig	32	static
stm32f0xx_flash.c:775:14:FLASH_OB_BOOTConfig	32	static
stm32f0xx_flash.c:814:14:FLASH_OB_BOOT0Config	32	static
stm32f0xx_flash.c:853:14:FLASH_OB_BOOT0SWConfig	32	static
stm32f0xx_flash.c:891:14:FLASH_OB_VDDAConfig	32	static
stm32f0xx_flash.c:929:14:FLASH_OB_SRAMParityConfig	32	static
stm32f0xx_flash.c:978:14:FLASH_OB_WriteUser	32	static
stm32f0xx_flash.c:1017:14:FLASH_OB_ProgramData	32	static
stm32f0xx_flash.c:1048:9:FLASH_OB_GetUser	8	static
stm32f0xx_flash.c:1059:10:FLASH_OB_GetWRP	8	static
stm32f0xx_flash.c:1070:12:FLASH_OB_GetRDP	16	static
stm32f0xx_flash.c:1110:6:FLASH_ITConfig	16	static
stm32f0xx_flash.c:1138:12:FLASH_GetFlagStatus	24	static
stm32f0xx_flash.c:1166:6:FLASH_ClearFlag	16	static
stm32f0xx_flash.c:1181:14:FLASH_GetStatus	16	static
stm32f0xx_flash.c:1218:14:FLASH_WaitForLastOperation	32	static
