stm32f0xx_spi.c:169:6:SPI_I2S_DeInit	16	static
stm32f0xx_spi.c:198:6:SPI_StructInit	16	static
stm32f0xx_spi.c:230:6:SPI_Init	24	static
stm32f0xx_spi.c:301:6:I2S_StructInit	16	static
stm32f0xx_spi.c:337:6:I2S_Init	80	static
stm32f0xx_spi.c:441:6:SPI_Cmd	16	static
stm32f0xx_spi.c:474:6:SPI_TIModeCmd	16	static
stm32f0xx_spi.c:500:6:I2S_Cmd	16	static
stm32f0xx_spi.c:538:6:SPI_DataSizeConfig	24	static
stm32f0xx_spi.c:566:6:SPI_RxFIFOThresholdConfig	16	static
stm32f0xx_spi.c:589:6:SPI_BiDirectionalLineConfig	16	static
stm32f0xx_spi.c:618:6:SPI_NSSInternalSoftwareConfig	16	static
stm32f0xx_spi.c:646:6:SPI_SSOutputCmd	16	static
stm32f0xx_spi.c:676:6:SPI_NSSPulseModeCmd	16	static
stm32f0xx_spi.c:731:6:SPI_SendData8	24	static
stm32f0xx_spi.c:752:6:SPI_I2S_SendData16	16	static
stm32f0xx_spi.c:766:9:SPI_ReceiveData8	24	static
stm32f0xx_spi.c:783:10:SPI_I2S_ReceiveData16	16	static
stm32f0xx_spi.c:865:6:SPI_CRCLengthConfig	16	static
stm32f0xx_spi.c:888:6:SPI_CalculateCRC	16	static
stm32f0xx_spi.c:912:6:SPI_TransmitCRC	16	static
stm32f0xx_spi.c:931:10:SPI_GetCRC	24	static
stm32f0xx_spi.c:958:10:SPI_GetCRCPolynomial	16	static
stm32f0xx_spi.c:998:6:SPI_I2S_DMACmd	16	static
stm32f0xx_spi.c:1036:6:SPI_LastDMATransferCmd	16	static
stm32f0xx_spi.c:1143:6:SPI_I2S_ITConfig	24	static
stm32f0xx_spi.c:1180:10:SPI_GetTransmissionFIFOStatus	16	static
stm32f0xx_spi.c:1196:10:SPI_GetReceptionFIFOStatus	16	static
stm32f0xx_spi.c:1221:12:SPI_I2S_GetFlagStatus	24	static
stm32f0xx_spi.c:1258:6:SPI_I2S_ClearFlag	16	static
stm32f0xx_spi.c:1282:10:SPI_I2S_GetITStatus	24	static
