gsm.c:73:12:strnmatch	24	static
gsm.c:78:20:strfindend	24	static
gsm.c:83:12:get_ms_timeout	24	static
gsm.c:95:12:matchright	24	static
gsm.c:101:13:at_puts	24	static
gsm.c:108:13:scan	40	static
gsm.c:130:12:at_readbytes	56	static
gsm.c:189:13:_at_recv_after_send	32	static
gsm.c:215:13:at_recv_after_send	24	static
gsm.c:223:13:at_send	16	static
gsm.c:231:6:at_sleep	64	static
gsm.c:241:13:at_init	40	static
gsm.c:296:15:scan_time	56	static
gsm.c:319:6:do_init	8	static
gsm.c:328:13:set_cipgsmloc	24	static
gsm.c:344:12:scan_gsmloc	40	static
gsm.c:377:8:trimwhitespace	32	static
gsm.c:413:5:gsm_get_IMEI	16	static
gsm.c:425:5:gsm_get_IMSI	16	static
gsm.c:439:6:gsm_set_apn	16	static
gsm.c:444:6:gsm_get_location_and_time	48	static
gsm.c:463:13:gsm_get_cipgsmloc	8	static
gsm.c:467:5:gsm_send_json	40	static
gsm.c:508:5:at_wake	104	static
gsm.c:684:6:logmsg	144	static
gsm.c:696:6:logbytes	40	static
