Archive member included to satisfy reference by file (symbol)

c:/program files (x86)/atollic/truestudio for stm32 9.0.1/armtools/bin/../lib/gcc/arm-atollic-eabi/6.3.1/../../../../arm-atollic-eabi/lib/armv6-m\libc_nano.a(lib_a-init.o)
                              src\startup_stm32f030xc.o (__libc_init_array)
c:/program files (x86)/atollic/truestudio for stm32 9.0.1/armtools/bin/../lib/gcc/arm-atollic-eabi/6.3.1/../../../../arm-atollic-eabi/lib/armv6-m\libc_nano.a(lib_a-locale.o)
                              src\gsm.o (__locale_ctype_ptr)
c:/program files (x86)/atollic/truestudio for stm32 9.0.1/armtools/bin/../lib/gcc/arm-atollic-eabi/6.3.1/../../../../arm-atollic-eabi/lib/armv6-m\libc_nano.a(lib_a-malloc.o)
                              src\gsmtask.o (malloc)
c:/program files (x86)/atollic/truestudio for stm32 9.0.1/armtools/bin/../lib/gcc/arm-atollic-eabi/6.3.1/../../../../arm-atollic-eabi/lib/armv6-m\libc_nano.a(lib_a-mbtowc_r.o)
                              c:/program files (x86)/atollic/truestudio for stm32 9.0.1/armtools/bin/../lib/gcc/arm-atollic-eabi/6.3.1/../../../../arm-atollic-eabi/lib/armv6-m\libc_nano.a(lib_a-locale.o) (__ascii_mbtowc)
c:/program files (x86)/atollic/truestudio for stm32 9.0.1/armtools/bin/../lib/gcc/arm-atollic-eabi/6.3.1/../../../../arm-atollic-eabi/lib/armv6-m\libc_nano.a(lib_a-memcmp.o)
                              FreeRTOS_Source\tasks.o (memcmp)
c:/program files (x86)/atollic/truestudio for stm32 9.0.1/armtools/bin/../lib/gcc/arm-atollic-eabi/6.3.1/../../../../arm-atollic-eabi/lib/armv6-m\libc_nano.a(lib_a-memcpy-stub.o)
                              FreeRTOS_Source\queue.o (memcpy)
c:/program files (x86)/atollic/truestudio for stm32 9.0.1/armtools/bin/../lib/gcc/arm-atollic-eabi/6.3.1/../../../../arm-atollic-eabi/lib/armv6-m\libc_nano.a(lib_a-memset.o)
                              FreeRTOS_Source\tasks.o (memset)
c:/program files (x86)/atollic/truestudio for stm32 9.0.1/armtools/bin/../lib/gcc/arm-atollic-eabi/6.3.1/../../../../arm-atollic-eabi/lib/armv6-m\libc_nano.a(lib_a-mktime.o)
                              src\gsm.o (mktime)
c:/program files (x86)/atollic/truestudio for stm32 9.0.1/armtools/bin/../lib/gcc/arm-atollic-eabi/6.3.1/../../../../arm-atollic-eabi/lib/armv6-m\libc_nano.a(lib_a-nano-freer.o)
                              c:/program files (x86)/atollic/truestudio for stm32 9.0.1/armtools/bin/../lib/gcc/arm-atollic-eabi/6.3.1/../../../../arm-atollic-eabi/lib/armv6-m\libc_nano.a(lib_a-malloc.o) (_free_r)
c:/program files (x86)/atollic/truestudio for stm32 9.0.1/armtools/bin/../lib/gcc/arm-atollic-eabi/6.3.1/../../../../arm-atollic-eabi/lib/armv6-m\libc_nano.a(lib_a-nano-mallocr.o)
                              c:/program files (x86)/atollic/truestudio for stm32 9.0.1/armtools/bin/../lib/gcc/arm-atollic-eabi/6.3.1/../../../../arm-atollic-eabi/lib/armv6-m\libc_nano.a(lib_a-malloc.o) (_malloc_r)
c:/program files (x86)/atollic/truestudio for stm32 9.0.1/armtools/bin/../lib/gcc/arm-atollic-eabi/6.3.1/../../../../arm-atollic-eabi/lib/armv6-m\libc_nano.a(lib_a-sbrkr.o)
                              c:/program files (x86)/atollic/truestudio for stm32 9.0.1/armtools/bin/../lib/gcc/arm-atollic-eabi/6.3.1/../../../../arm-atollic-eabi/lib/armv6-m\libc_nano.a(lib_a-nano-mallocr.o) (_sbrk_r)
c:/program files (x86)/atollic/truestudio for stm32 9.0.1/armtools/bin/../lib/gcc/arm-atollic-eabi/6.3.1/../../../../arm-atollic-eabi/lib/armv6-m\libc_nano.a(lib_a-snprintf.o)
                              src\gsmtask.o (snprintf)
c:/program files (x86)/atollic/truestudio for stm32 9.0.1/armtools/bin/../lib/gcc/arm-atollic-eabi/6.3.1/../../../../arm-atollic-eabi/lib/armv6-m\libc_nano.a(lib_a-sprintf.o)
                              src\gsm.o (sprintf)
c:/program files (x86)/atollic/truestudio for stm32 9.0.1/armtools/bin/../lib/gcc/arm-atollic-eabi/6.3.1/../../../../arm-atollic-eabi/lib/armv6-m\libc_nano.a(lib_a-strcat.o)
                              src\gsmtask.o (strcat)
c:/program files (x86)/atollic/truestudio for stm32 9.0.1/armtools/bin/../lib/gcc/arm-atollic-eabi/6.3.1/../../../../arm-atollic-eabi/lib/armv6-m\libc_nano.a(lib_a-strchr.o)
                              src\gsm.o (strchr)
c:/program files (x86)/atollic/truestudio for stm32 9.0.1/armtools/bin/../lib/gcc/arm-atollic-eabi/6.3.1/../../../../arm-atollic-eabi/lib/armv6-m\libc_nano.a(lib_a-strcmp.o)
                              src\gsm.o (strcmp)
c:/program files (x86)/atollic/truestudio for stm32 9.0.1/armtools/bin/../lib/gcc/arm-atollic-eabi/6.3.1/../../../../arm-atollic-eabi/lib/armv6-m\libc_nano.a(lib_a-strcpy.o)
                              src\gsmtask.o (strcpy)
c:/program files (x86)/atollic/truestudio for stm32 9.0.1/armtools/bin/../lib/gcc/arm-atollic-eabi/6.3.1/../../../../arm-atollic-eabi/lib/armv6-m\libc_nano.a(lib_a-strlen.o)
                              src\gsm.o (strlen)
[...]
Memory Configuration

Name             Origin             Length             Attributes
FLASH            0x08000000         0x00040000         xr
RAM              0x20000000         0x00008000         xrw
MEMORY_B1        0x60000000         0x00000000         xr
*default*        0x00000000         0xffffffff

Linker script and memory map

LOAD c:/program files (x86)/atollic/truestudio for stm32 9.0.1/armtools/bin/../lib/gcc/arm-atollic-eabi/6.3.1/armv6-m/crti.o
LOAD c:/program files (x86)/atollic/truestudio for stm32 9.0.1/armtools/bin/../lib/gcc/arm-atollic-eabi/6.3.1/armv6-m/crtbegin.o
LOAD FreeRTOS_Source\list.o
LOAD FreeRTOS_Source\portable\GCC\ARM_CM0\port.o
LOAD FreeRTOS_Source\portable\MemMang\heap_1.o
LOAD FreeRTOS_Source\queue.o
LOAD FreeRTOS_Source\tasks.o
LOAD FreeRTOS_Source\timers.o
LOAD Libraries\STM32F0xx_StdPeriph_Driver\src\stm32f0xx_adc.o
LOAD Libraries\STM32F0xx_StdPeriph_Driver\src\stm32f0xx_can.o
LOAD Libraries\STM32F0xx_StdPeriph_Driver\src\stm32f0xx_cec.o
LOAD Libraries\STM32F0xx_StdPeriph_Driver\src\stm32f0xx_comp.o
LOAD Libraries\STM32F0xx_StdPeriph_Driver\src\stm32f0xx_crc.o
LOAD Libraries\STM32F0xx_StdPeriph_Driver\src\stm32f0xx_crs.o
LOAD Libraries\STM32F0xx_StdPeriph_Driver\src\stm32f0xx_dac.o
LOAD Libraries\STM32F0xx_StdPeriph_Driver\src\stm32f0xx_dbgmcu.o
LOAD Libraries\STM32F0xx_StdPeriph_Driver\src\stm32f0xx_dma.o
LOAD Libraries\STM32F0xx_StdPeriph_Driver\src\stm32f0xx_exti.o
LOAD Libraries\STM32F0xx_StdPeriph_Driver\src\stm32f0xx_flash.o
LOAD Libraries\STM32F0xx_StdPeriph_Driver\src\stm32f0xx_gpio.o
LOAD Libraries\STM32F0xx_StdPeriph_Driver\src\stm32f0xx_i2c.o
LOAD Libraries\STM32F0xx_StdPeriph_Driver\src\stm32f0xx_iwdg.o
LOAD Libraries\STM32F0xx_StdPeriph_Driver\src\stm32f0xx_misc.o
LOAD Libraries\STM32F0xx_StdPeriph_Driver\src\stm32f0xx_pwr.o
LOAD Libraries\STM32F0xx_StdPeriph_Driver\src\stm32f0xx_rcc.o
LOAD Libraries\STM32F0xx_StdPeriph_Driver\src\stm32f0xx_rtc.o
LOAD Libraries\STM32F0xx_StdPeriph_Driver\src\stm32f0xx_spi.o
LOAD Libraries\STM32F0xx_StdPeriph_Driver\src\stm32f0xx_syscfg.o
LOAD Libraries\STM32F0xx_StdPeriph_Driver\src\stm32f0xx_tim.o
LOAD Libraries\STM32F0xx_StdPeriph_Driver\src\stm32f0xx_usart.o
LOAD Libraries\STM32F0xx_StdPeriph_Driver\src\stm32f0xx_wwdg.o
LOAD Utilities\STM32F0-Discovery\stm32f0_discovery.o
LOAD src\Debug.o
LOAD src\Flash.o
LOAD src\LED.o
LOAD src\Modem.o
LOAD src\Temp.o
LOAD src\Volts.o
LOAD src\_copyright.o
LOAD src\gsm.o
LOAD src\gsmtask.o
LOAD src\hal.o
LOAD src\main.o
LOAD src\micro_vprintf.o
LOAD src\process.o
LOAD src\startup_stm32f030xc.o
LOAD src\stm32f0xx_it.o
LOAD src\system_stm32f0xx.o
LOAD src\uart1.o
LOAD src\uart5.o
LOAD c:/program files (x86)/atollic/truestudio for stm32 9.0.1/armtools/bin/../lib/gcc/arm-atollic-eabi/6.3.1/../../../../arm-atollic-eabi/lib/armv6-m\libm.a
                0x00000080                malloc_getpagesize_P = 0x80
START GROUP
LOAD c:/program files (x86)/atollic/truestudio for stm32 9.0.1/armtools/bin/../lib/gcc/arm-atollic-eabi/6.3.1/../../../../arm-atollic-eabi/lib/armv6-m\libc_nano.a
LOAD c:/program files (x86)/atollic/truestudio for stm32 9.0.1/armtools/bin/../lib/gcc/arm-atollic-eabi/6.3.1/../../../../arm-atollic-eabi/lib/armv6-m\libm.a
END GROUP
START GROUP
LOAD c:/program files (x86)/atollic/truestudio for stm32 9.0.1/armtools/bin/../lib/gcc/arm-atollic-eabi/6.3.1/armv6-m\libgcc.a
LOAD c:/program files (x86)/atollic/truestudio for stm32 9.0.1/armtools/bin/../lib/gcc/arm-atollic-eabi/6.3.1/../../../../arm-atollic-eabi/lib/armv6-m\libc_nano.a
END GROUP
START GROUP
LOAD c:/program files (x86)/atollic/truestudio for stm32 9.0.1/armtools/bin/../lib/gcc/arm-atollic-eabi/6.3.1/armv6-m\libgcc.a
LOAD c:/program files (x86)/atollic/truestudio for stm32 9.0.1/armtools/bin/../lib/gcc/arm-atollic-eabi/6.3.1/../../../../arm-atollic-eabi/lib/armv6-m\libc_nano.a
LOAD c:/program files (x86)/atollic/truestudio for stm32 9.0.1/armtools/bin/../lib/gcc/arm-atollic-eabi/6.3.1/../../../../arm-atollic-eabi/lib/armv6-m\libnosys.a
END GROUP
START GROUP
LOAD c:/program files (x86)/atollic/truestudio for stm32 9.0.1/armtools/bin/../lib/gcc/arm-atollic-eabi/6.3.1/armv6-m\libgcc.a
LOAD c:/program files (x86)/atollic/truestudio for stm32 9.0.1/armtools/bin/../lib/gcc/arm-atollic-eabi/6.3.1/../../../../arm-atollic-eabi/lib/armv6-m\libc_nano.a
LOAD c:/program files (x86)/atollic/truestudio for stm32 9.0.1/armtools/bin/../lib/gcc/arm-atollic-eabi/6.3.1/../../../../arm-atollic-eabi/lib/armv6-m\libnosys.a
END GROUP
LOAD c:/program files (x86)/atollic/truestudio for stm32 9.0.1/armtools/bin/../lib/gcc/arm-atollic-eabi/6.3.1/armv6-m/crtend.o
LOAD c:/program files (x86)/atollic/truestudio for stm32 9.0.1/armtools/bin/../lib/gcc/arm-atollic-eabi/6.3.1/armv6-m/crtn.o
                0x20008000                _estack = 0x20008000
                0x00000000                _Min_Heap_Size = 0x0
                0x00000100                _Min_Stack_Size = 0x100

.isr_vector     0x08000000       0xbc
                0x08000000                . = ALIGN (0x4)
 *(.isr_vector)
 .isr_vector    0x08000000       0xbc src\startup_stm32f030xc.o
                0x08000000                g_pfnVectors
                0x080000bc                . = ALIGN (0x4)

.text           0x080000bc     0x9698
                0x080000bc                . = ALIGN (0x4)
 *(.text)
 .text          0x080000bc       0x48 c:/program files (x86)/atollic/truestudio for stm32 9.0.1/armtools/bin/../lib/gcc/arm-atollic-eabi/6.3.1/armv6-m/crtbegin.o
 .text          0x08000104       0x14 c:/program files (x86)/atollic/truestudio for stm32 9.0.1/armtools/bin/../lib/gcc/arm-atollic-eabi/6.3.1/../../../../arm-atollic-eabi/lib/armv6-m\libc_nano.a(lib_a-strcmp.o)
                0x08000104                strcmp
 .text          0x08000118        0xe c:/program files (x86)/atollic/truestudio for stm32 9.0.1/armtools/bin/../lib/gcc/arm-atollic-eabi/6.3.1/../../../../arm-atollic-eabi/lib/armv6-m\libc_nano.a(lib_a-strlen.o)
                0x08000118                strlen
 *fill*         0x08000126        0x2 
 .text          0x08000128      0x114 c:/program files (x86)/atollic/truestudio for stm32 9.0.1/armtools/bin/../lib/gcc/arm-atollic-eabi/6.3.1/armv6-m\libgcc.a(_udivsi3.o)
                0x08000128                __aeabi_uidiv
                0x08000128                __udivsi3
                0x08000234                __aeabi_uidivmod
 .text          0x0800023c      0x1d4 c:/program files (x86)/atollic/truestudio for stm32 9.0.1/armtools/bin/../lib/gcc/arm-atollic-eabi/6.3.1/armv6-m\libgcc.a(_divsi3.o)
                0x0800023c                __divsi3
                0x0800023c                __aeabi_idiv
                0x08000408                __aeabi_idivmod
 .text          0x08000410        0x4 c:/program files (x86)/atollic/truestudio for stm32 9.0.1/armtools/bin/../lib/gcc/arm-atollic-eabi/6.3.1/armv6-m\libgcc.a(_dvmd_tls.o)
                0x08000410                __aeabi_idiv0
                0x08000410                __aeabi_ldiv0
 .text          0x08000414       0x40 c:/program files (x86)/atollic/truestudio for stm32 9.0.1/armtools/bin/../lib/gcc/arm-atollic-eabi/6.3.1/armv6-m\libgcc.a(_aeabi_uldivmod.o)
                0x08000414                __aeabi_uldivmod
 .text          0x08000454      0x180 c:/program files (x86)/atollic/truestudio for stm32 9.0.1/armtools/bin/../lib/gcc/arm-atollic-eabi/6.3.1/armv6-m\libgcc.a(_udivmoddi4.o)
                0x08000454                __udivmoddi4
 .text          0x080005d4       0x18 c:/program files (x86)/atollic/truestudio for stm32 9.0.1/armtools/bin/../lib/gcc/arm-atollic-eabi/6.3.1/armv6-m\libgcc.a(_clzdi2.o)
                0x080005d4                __clzdi2
 .text          0x080005ec       0x3c c:/program files (x86)/atollic/truestudio for stm32 9.0.1/armtools/bin/../lib/gcc/arm-atollic-eabi/6.3.1/armv6-m\libgcc.a(_clzsi2.o)
                0x080005ec                __clzsi2
 *(.text*)
 .text.vListInitialise
                0x08000628       0x3c FreeRTOS_Source\list.o
                0x08000628                vListInitialise
 .text.vListInitialiseItem
                0x08000664       0x16 FreeRTOS_Source\list.o
                0x08000664                vListInitialiseItem
 .text.vListInsertEnd
                0x0800067a       0x4c FreeRTOS_Source\list.o
                0x0800067a                vListInsertEnd
 .text.vListInsert
                0x080006c6       0x6c FreeRTOS_Source\list.o
                0x080006c6                vListInsert
 .text.vListRemove
                0x08000732       0x4c FreeRTOS_Source\list.o
                0x08000732                vListRemove
 .text.pxPortInitialiseStack
                0x0800077e       0x42 FreeRTOS_Source\portable\GCC\ARM_CM0\port.o
                0x0800077e                pxPortInitialiseStack
 .text.SVC_Handler
                0x080007c0       0x2c FreeRTOS_Source\portable\GCC\ARM_CM0\port.o
                0x080007c0                SVC_Handler
 .text.vPortStartFirstTask
                0x080007ec       0x10 FreeRTOS_Source\portable\GCC\ARM_CM0\port.o
 .text.xPortStartScheduler
                0x080007fc       0x40 FreeRTOS_Source\portable\GCC\ARM_CM0\port.o
                0x080007fc                xPortStartScheduler
 .text.vPortYieldFromISR
                0x0800083c       0x18 FreeRTOS_Source\portable\GCC\ARM_CM0\port.o
                0x0800083c                vPortYieldFromISR
 .text.vPortEnterCritical
                0x08000854       0x1c FreeRTOS_Source\portable\GCC\ARM_CM0\port.o
                0x08000854                vPortEnterCritical
 .text.vPortExitCritical
                0x08000870       0x24 FreeRTOS_Source\portable\GCC\ARM_CM0\port.o
                0x08000870                vPortExitCritical
 .text.PendSV_Handler
                0x08000894       0x48 FreeRTOS_Source\portable\GCC\ARM_CM0\port.o
                0x08000894                PendSV_Handler
 .text.SysTick_Handler
                0x080008dc       0x28 FreeRTOS_Source\portable\GCC\ARM_CM0\port.o
                0x080008dc                SysTick_Handler
 .text.prvSetupTimerInterrupt
                0x08000904       0x24 FreeRTOS_Source\portable\GCC\ARM_CM0\port.o
 .text.pvPortMalloc
                0x08000928       0x7c FreeRTOS_Source\portable\MemMang\heap_1.o
                0x08000928                pvPortMalloc
 .text.vPortFree
                0x080009a4       0x10 FreeRTOS_Source\portable\MemMang\heap_1.o
                0x080009a4                vPortFree
 .text.xPortGetFreeHeapSize
                0x080009b4       0x18 FreeRTOS_Source\portable\MemMang\heap_1.o
                0x080009b4                xPortGetFreeHeapSize
 .text.xQueueGenericReset
                0x080009cc       0xa6 FreeRTOS_Source\queue.o
                0x080009cc                xQueueGenericReset
 .text.xQueueGenericCreate
                0x08000a72       0x80 FreeRTOS_Source\queue.o
                0x08000a72                xQueueGenericCreate
 .text.xQueueCreateMutex
                0x08000af2       0x8a FreeRTOS_Source\queue.o
                0x08000af2                xQueueCreateMutex
 .text.xQueueGenericSend
                0x08000b7c      0x12c FreeRTOS_Source\queue.o
                0x08000b7c                xQueueGenericSend
 .text.xQueueGenericSendFromISR
                0x08000ca8       0x9e FreeRTOS_Source\queue.o
                0x08000ca8                xQueueGenericSendFromISR
 .text.xQueueGenericReceive
                0x08000d46      0x18e FreeRTOS_Source\queue.o
                0x08000d46                xQueueGenericReceive
 .text.prvCopyDataToQueue
                0x08000ed4       0xb6 FreeRTOS_Source\queue.o
 .text.prvCopyDataFromQueue
                0x08000f8a       0x4c FreeRTOS_Source\queue.o
 .text.prvUnlockQueue
                0x08000fd6       0x94 FreeRTOS_Source\queue.o
 .text.prvIsQueueEmpty
                0x0800106a       0x26 FreeRTOS_Source\queue.o
 .text.prvIsQueueFull
                0x08001090       0x2c FreeRTOS_Source\queue.o
 .text.vQueueWaitForMessageRestricted
                0x080010bc       0x54 FreeRTOS_Source\queue.o
                0x080010bc                vQueueWaitForMessageRestricted
 .text.xTaskGenericCreate
                0x08001110      0x194 FreeRTOS_Source\tasks.o
                0x08001110                xTaskGenericCreate
 .text.vTaskDelay
                0x080012a4       0x58 FreeRTOS_Source\tasks.o
                0x080012a4                vTaskDelay
 .text.vTaskStartScheduler
                0x080012fc       0x70 FreeRTOS_Source\tasks.o
                0x080012fc                vTaskStartScheduler
 .text.vTaskSuspendAll
                0x0800136c       0x18 FreeRTOS_Source\tasks.o
                0x0800136c                vTaskSuspendAll
 .text.xTaskResumeAll
                0x08001384      0x100 FreeRTOS_Source\tasks.o
                0x08001384                xTaskResumeAll
 .text.xTaskGetTickCount
                0x08001484       0x24 FreeRTOS_Source\tasks.o
                0x08001484                xTaskGetTickCount
 .text.vTaskIncrementTick
                0x080014a8      0x14c FreeRTOS_Source\tasks.o
                0x080014a8                vTaskIncrementTick
 .text.vTaskSwitchContext
                0x080015f4       0xe8 FreeRTOS_Source\tasks.o
                0x080015f4                vTaskSwitchContext
 .text.vTaskPlaceOnEventList
                0x080016dc       0x70 FreeRTOS_Source\tasks.o
                0x080016dc                vTaskPlaceOnEventList
 .text.vTaskPlaceOnEventListRestricted
                0x0800174c       0x54 FreeRTOS_Source\tasks.o
                0x0800174c                vTaskPlaceOnEventListRestricted
 .text.xTaskRemoveFromEventList
                0x080017a0       0xb0 FreeRTOS_Source\tasks.o
                0x080017a0                xTaskRemoveFromEventList
 .text.vTaskSetTimeOutState
                0x08001850       0x34 FreeRTOS_Source\tasks.o
                0x08001850                vTaskSetTimeOutState
 .text.xTaskCheckForTimeOut
                0x08001884       0x9c FreeRTOS_Source\tasks.o
                0x08001884                xTaskCheckForTimeOut
 .text.vTaskMissedYield
                0x08001920       0x14 FreeRTOS_Source\tasks.o
                0x08001920                vTaskMissedYield
 .text.prvIdleTask
                0x08001934       0x24 FreeRTOS_Source\tasks.o
 .text.prvInitialiseTCBVariables
                0x08001958       0x6c FreeRTOS_Source\tasks.o
 .text.prvInitialiseTaskLists
                0x080019c4       0x88 FreeRTOS_Source\tasks.o
 .text.prvCheckTasksWaitingTermination
                0x08001a4c       0x74 FreeRTOS_Source\tasks.o
 .text.prvAddCurrentTaskToDelayedList
                0x08001ac0       0x6c FreeRTOS_Source\tasks.o
 .text.prvAllocateTCBAndStack
                0x08001b2c       0x6c FreeRTOS_Source\tasks.o
 .text.prvDeleteTCB
                0x08001b98       0x22 FreeRTOS_Source\tasks.o
 *fill*         0x08001bba        0x2 
 .text.xTaskGetCurrentTaskHandle
                0x08001bbc       0x1c FreeRTOS_Source\tasks.o
                0x08001bbc                xTaskGetCurrentTaskHandle
 .text.xTaskGetSchedulerState
                0x08001bd8       0x38 FreeRTOS_Source\tasks.o
                0x08001bd8                xTaskGetSchedulerState
 .text.vTaskPriorityInherit
                0x08001c10       0xb0 FreeRTOS_Source\tasks.o
                0x08001c10                vTaskPriorityInherit
 .text.vTaskPriorityDisinherit
                0x08001cc0       0x7c FreeRTOS_Source\tasks.o
                0x08001cc0                vTaskPriorityDisinherit
 .text.xTimerCreateTimerTask
                0x08001d3c       0x58 FreeRTOS_Source\timers.o
                0x08001d3c                xTimerCreateTimerTask
 .text.xTimerCreate
                0x08001d94       0x68 FreeRTOS_Source\timers.o
                0x08001d94                xTimerCreate
 .text.xTimerGenericCommand
                0x08001dfc       0x90 FreeRTOS_Source\timers.o
                0x08001dfc                xTimerGenericCommand
 .text.prvProcessExpiredTimer
                0x08001e8c       0x74 FreeRTOS_Source\timers.o
 .text.prvTimerTask
                0x08001f00       0x28 FreeRTOS_Source\timers.o
 .text.prvProcessTimerOrBlockTask
                0x08001f28       0x70 FreeRTOS_Source\timers.o
 .text.prvGetNextExpireTime
                0x08001f98       0x40 FreeRTOS_Source\timers.o
 .text.prvSampleTimeNow
                0x08001fd8       0x48 FreeRTOS_Source\timers.o
 .text.prvInsertTimerInActiveList
                0x08002020       0x84 FreeRTOS_Source\timers.o
 .text.prvProcessReceivedCommands
                0x080020a4      0x100 FreeRTOS_Source\timers.o
 .text.prvSwitchTimerLists
                0x080021a4       0xb8 FreeRTOS_Source\timers.o
 .text.prvCheckForValidListAndQueue
                0x0800225c       0x5c FreeRTOS_Source\timers.o
 .text.GPIO_Init
                0x080022b8      0x126 Libraries\STM32F0xx_StdPeriph_Driver\src\stm32f0xx_gpio.o
                0x080022b8                GPIO_Init
 .text.GPIO_WriteBit
                0x080023de       0x3a Libraries\STM32F0xx_StdPeriph_Driver\src\stm32f0xx_gpio.o
                0x080023de                GPIO_WriteBit
 .text.GPIO_Write
                0x08002418       0x1e Libraries\STM32F0xx_StdPeriph_Driver\src\stm32f0xx_gpio.o
                0x08002418                GPIO_Write
 .text.GPIO_PinAFConfig
                0x08002436       0xa4 Libraries\STM32F0xx_StdPeriph_Driver\src\stm32f0xx_gpio.o
                0x08002436                GPIO_PinAFConfig
 *fill*         0x080024da        0x2 
 .text.NVIC_Init
                0x080024dc       0xac Libraries\STM32F0xx_StdPeriph_Driver\src\stm32f0xx_misc.o
                0x080024dc                NVIC_Init
 .text.RCC_GetClocksFreq
                0x08002588      0x2e4 Libraries\STM32F0xx_StdPeriph_Driver\src\stm32f0xx_rcc.o
                0x08002588                RCC_GetClocksFreq
 .text.RCC_AHBPeriphClockCmd
                0x0800286c       0x40 Libraries\STM32F0xx_StdPeriph_Driver\src\stm32f0xx_rcc.o
                0x0800286c                RCC_AHBPeriphClockCmd
 .text.RCC_APB2PeriphClockCmd
                0x080028ac       0x40 Libraries\STM32F0xx_StdPeriph_Driver\src\stm32f0xx_rcc.o
                0x080028ac                RCC_APB2PeriphClockCmd
 .text.RCC_APB1PeriphClockCmd
                0x080028ec       0x40 Libraries\STM32F0xx_StdPeriph_Driver\src\stm32f0xx_rcc.o
                0x080028ec                RCC_APB1PeriphClockCmd
 .text.SPI_SendData8
                0x0800292c       0x2c Libraries\STM32F0xx_StdPeriph_Driver\src\stm32f0xx_spi.o
                0x0800292c                SPI_SendData8
 .text.SPI_ReceiveData8
                0x08002958       0x24 Libraries\STM32F0xx_StdPeriph_Driver\src\stm32f0xx_spi.o
                0x08002958                SPI_ReceiveData8
 .text.USART_Init
                0x0800297c      0x18c Libraries\STM32F0xx_StdPeriph_Driver\src\stm32f0xx_usart.o
                0x0800297c                USART_Init
 .text.USART_Cmd
                0x08002b08       0x3a Libraries\STM32F0xx_StdPeriph_Driver\src\stm32f0xx_usart.o
                0x08002b08                USART_Cmd
 .text.USART_SendData
                0x08002b42       0x24 Libraries\STM32F0xx_StdPeriph_Driver\src\stm32f0xx_usart.o
                0x08002b42                USART_SendData
 .text.USART_ITConfig
                0x08002b66       0x84 Libraries\STM32F0xx_StdPeriph_Driver\src\stm32f0xx_usart.o
                0x08002b66                USART_ITConfig
 .text.USART_GetFlagStatus
                0x08002bea       0x3c Libraries\STM32F0xx_StdPeriph_Driver\src\stm32f0xx_usart.o
                0x08002bea                USART_GetFlagStatus
 .text.USART_ClearFlag
                0x08002c26       0x18 Libraries\STM32F0xx_StdPeriph_Driver\src\stm32f0xx_usart.o
                0x08002c26                USART_ClearFlag
 .text.USART_GetITStatus
                0x08002c3e       0xae Libraries\STM32F0xx_StdPeriph_Driver\src\stm32f0xx_usart.o
                0x08002c3e                USART_GetITStatus
 .text.debug_Init
                0x08002cec        0xe src\Debug.o
                0x08002cec                debug_Init
 .text.debug_Puts
                0x08002cfa       0x18 src\Debug.o
                0x08002cfa                debug_Puts
 .text.debug_PutLine
                0x08002d12       0x18 src\Debug.o
                0x08002d12                debug_PutLine
 *fill*         0x08002d2a        0x2 
 .text.SPI1_Init
                0x08002d2c       0x58 src\Flash.o
                0x08002d2c                SPI1_Init
 .text.SPI_Tx_Wait
                0x08002d84       0x28 src\Flash.o
                0x08002d84                SPI_Tx_Wait
 .text.SPI_Rx_Wait
                0x08002dac       0x20 src\Flash.o
                0x08002dac                SPI_Rx_Wait
 .text.SPI_Write
                0x08002dcc       0x4c src\Flash.o
                0x08002dcc                SPI_Write
 .text.SPI_Write_3
                0x08002e18       0x9c src\Flash.o
                0x08002e18                SPI_Write_3
 .text.SPI_Write_4
                0x08002eb4       0xc4 src\Flash.o
                0x08002eb4                SPI_Write_4
 .text.Flash_Enable
                0x08002f78       0x1a src\Flash.o
                0x08002f78                Flash_Enable
 .text.Flash_Disable
                0x08002f92       0x1a src\Flash.o
                0x08002f92                Flash_Disable
 .text.Flash_Wait
                0x08002fac       0x48 src\Flash.o
                0x08002fac                Flash_Wait
 .text.DMA_Wait
                0x08002ff4       0x98 src\Flash.o
                0x08002ff4                DMA_Wait
 .text.DMA_Start_Read
                0x0800308c       0xb0 src\Flash.o
                0x0800308c                DMA_Start_Read
 .text.DMA_Start_Write
                0x0800313c       0xb4 src\Flash.o
                0x0800313c                DMA_Start_Write
 .text.Write_Status_Register
                0x080031f0       0x44 src\Flash.o
                0x080031f0                Write_Status_Register
 .text.Flash_Read_Page_Info
                0x08003234       0x8a src\Flash.o
                0x08003234                Flash_Read_Page_Info
 .text.Flash_Erase_Block
                0x080032be       0x7a src\Flash.o
                0x080032be                Flash_Erase_Block
 .text.Flash_Read_Page
                0x08003338       0x8e src\Flash.o
                0x08003338                Flash_Read_Page
 *fill*         0x080033c6        0x2 
 .text.Flash_Write_Page
                0x080033c8       0xe0 src\Flash.o
                0x080033c8                Flash_Write_Page
 .text.Flash_Page_OK
                0x080034a8       0x7c src\Flash.o
                0x080034a8                Flash_Page_OK
 .text.Flash_Read_Unique_ID
                0x08003524       0x98 src\Flash.o
                0x08003524                Flash_Read_Unique_ID
 .text.Flash_Locate_Next_Page
                0x080035bc       0xe0 src\Flash.o
                0x080035bc                Flash_Locate_Next_Page
 .text.Flash_Locate_Latest_Record
                0x0800369c      0x168 src\Flash.o
                0x0800369c                Flash_Locate_Latest_Record
 .text.Flash_Mark_Page_Sent
                0x08003804       0xd8 src\Flash.o
                0x08003804                Flash_Mark_Page_Sent
 .text.Flash_Mark_Page_Bad
                0x080038dc       0x94 src\Flash.o
                0x080038dc                Flash_Mark_Page_Bad
 .text.Flash_Write_Events
                0x08003970       0xd8 src\Flash.o
                0x08003970                Flash_Write_Events
 .text.Begin_Report
                0x08003a48       0xd0 src\Flash.o
                0x08003a48                Begin_Report
 .text.Report_Callback
                0x08003b18      0x164 src\Flash.o
                0x08003b18                Report_Callback
 .text.Successful_Xfer_Callback
                0x08003c7c       0x94 src\Flash.o
                0x08003c7c                Successful_Xfer_Callback
 .text.flash_Log
                0x08003d10      0x104 src\Flash.o
                0x08003d10                flash_Log
 .text.Flash_Test
                0x08003e14       0xc8 src\Flash.o
 .text.Flash_Init
                0x08003edc       0x64 src\Flash.o
                0x08003edc                Flash_Init
 .text.LED_ON   0x08003f40       0x24 src\LED.o
                0x08003f40                LED_ON
 .text.LED_OFF  0x08003f64       0x24 src\LED.o
                0x08003f64                LED_OFF
 .text.Modem_Init
                0x08003f88        0xe src\Modem.o
                0x08003f88                Modem_Init
 .text.START_I2C
                0x08003f96       0x34 src\Temp.o
 .text.STOP_I2C
                0x08003fca       0x2e src\Temp.o
 .text.ACK_I2C  0x08003ff8       0x28 src\Temp.o
 .text.NACK_I2C
                0x08004020       0x28 src\Temp.o
 .text.WRITE_I2C_BYTE
                0x08004048       0x96 src\Temp.o
 .text.READ_I2C_BYTE
                0x080040de       0x56 src\Temp.o
 .text.Read_Temperature
                0x08004134       0xf8 src\Temp.o
                0x08004134                Read_Temperature
 .text.Get_Temperature
                0x0800422c       0xec src\Temp.o
                0x0800422c                Get_Temperature
 .text.Handle_Temp
                0x08004318       0x48 src\Temp.o
                0x08004318                Handle_Temp
 .text.Temperature_Init
                0x08004360       0x70 src\Temp.o
                0x08004360                Temperature_Init
 .text.START_I2C
                0x080043d0       0x34 src\Volts.o
 .text.STOP_I2C
                0x08004404       0x2e src\Volts.o
 .text.ACK_I2C  0x08004432       0x28 src\Volts.o
 .text.NACK_I2C
                0x0800445a       0x28 src\Volts.o
 .text.WRITE_I2C_BYTE
                0x08004482       0x96 src\Volts.o
 .text.READ_I2C_BYTE
                0x08004518       0x56 src\Volts.o
 *fill*         0x0800456e        0x2 
 .text.Read_Volts
                0x08004570       0xf8 src\Volts.o
                0x08004570                Read_Volts
 .text.ADC_To_Volts
                0x08004668       0x1c src\Volts.o
 .text.Volts_To_ADC
                0x08004684       0x28 src\Volts.o
 .text.Get_Volts
                0x080046ac       0x60 src\Volts.o
                0x080046ac                Get_Volts
 .text.Handle_Volts
                0x0800470c       0x60 src\Volts.o
                0x0800470c                Handle_Volts
 .text.Voltage_Init
                0x0800476c      0x118 src\Volts.o
                0x0800476c                Voltage_Init
 .text.strnmatch
                0x08004884       0x48 src\gsm.o
 .text.strfindend
                0x080048cc       0x3a src\gsm.o
 *fill*         0x08004906        0x2 
 .text.get_ms_timeout
                0x08004908       0x70 src\gsm.o
 .text.matchright
                0x08004978       0x52 src\gsm.o
 .text.at_puts  0x080049ca       0x36 src\gsm.o
 .text.scan     0x08004a00       0xa8 src\gsm.o
 .text.at_readbytes
                0x08004aa8      0x16c src\gsm.o
 .text._at_recv_after_send
                0x08004c14       0x78 src\gsm.o
 .text.at_recv_after_send
                0x08004c8c       0x2c src\gsm.o
 .text.at_send  0x08004cb8       0x28 src\gsm.o
 .text.at_sleep
                0x08004ce0       0x50 src\gsm.o
                0x08004ce0                at_sleep
 .text.at_wake  0x08004d30       0x68 src\gsm.o
                0x08004d30                at_wake
 .text.at_init  0x08004d98      0x230 src\gsm.o
 .text.scan_time
                0x08004fc8      0x108 src\gsm.o
 .text.set_cipgsmloc
                0x080050d0       0x5c src\gsm.o
 .text.scan_gsmloc
                0x0800512c       0xea src\gsm.o
 .text.trimwhitespace
                0x08005216       0xb0 src\gsm.o
                0x08005216                trimwhitespace
 *fill*         0x080052c6        0x2 
 .text.gsm_get_IMSI
                0x080052c8       0x48 src\gsm.o
                0x080052c8                gsm_get_IMSI
 .text.gsm_set_apn
                0x08005310       0x28 src\gsm.o
                0x08005310                gsm_set_apn
 .text.gsm_get_location_and_time
                0x08005338       0x54 src\gsm.o
                0x08005338                gsm_get_location_and_time
 .text.gsm_send_json
                0x0800538c      0x1a0 src\gsm.o
                0x0800538c                gsm_send_json
 .text.logmsg   0x0800552c       0x42 src\gsm.o
                0x0800552c                logmsg
 *fill*         0x0800556e        0x2 
 .text.logbytes
                0x08005570      0x11c src\gsm.o
                0x08005570                logbytes
 .text.flush    0x0800568c       0x70 src\gsmtask.o
 .text.add_record
                0x080056fc      0x100 src\gsmtask.o
 .text.prvCellTask
                0x080057fc      0x29c src\gsmtask.o
                0x080057fc                prvCellTask
 .text.Clocks_Init
                0x08005a98       0x8e src\hal.o
                0x08005a98                Clocks_Init
 *fill*         0x08005b26        0x2 
 .text.Hardware_Init
                0x08005b28      0x114 src\hal.o
                0x08005b28                Hardware_Init
 .text.MODEM_PWRKEY
                0x08005c3c       0x28 src\hal.o
                0x08005c3c                MODEM_PWRKEY
 .text.TEMP_SCL
                0x08005c64       0x2c src\hal.o
                0x08005c64                TEMP_SCL
 .text.TEMP_SDA
                0x08005c90       0x2c src\hal.o
                0x08005c90                TEMP_SDA
 .text.VOLT_SCL
                0x08005cbc       0x2c src\hal.o
                0x08005cbc                VOLT_SCL
 .text.VOLT_SDA
                0x08005ce8       0x2c src\hal.o
                0x08005ce8                VOLT_SDA
 .text.MODEM_PWR_EN
                0x08005d14       0x2c src\hal.o
                0x08005d14                MODEM_PWR_EN
 .text.main     0x08005d40       0xfc src\main.o
                0x08005d40                main
 .text.vExampleTimerCallback
                0x08005e3c       0x20 src\main.o
 .text.Show_Board_Failure
                0x08005e5c       0xa4 src\main.o
 .text.prvMainTask
                0x08005f00      0x144 src\main.o
 .text.vApplicationTickHook
                0x08006044       0x74 src\main.o
                0x08006044                vApplicationTickHook
 .text.vApplicationMallocFailedHook
                0x080060b8        0x6 src\main.o
                0x080060b8                vApplicationMallocFailedHook
 .text.vApplicationStackOverflowHook
                0x080060be        0xc src\main.o
                0x080060be                vApplicationStackOverflowHook
 .text.vApplicationIdleHook
                0x080060ca       0x18 src\main.o
                0x080060ca                vApplicationIdleHook
 .text.prvSetupHardware
                0x080060e2        0xa src\main.o
 .text.uS_Delay
                0x080060ec       0x26 src\main.o
                0x080060ec                uS_Delay
 *fill*         0x08006112        0x2 
 .text.Do_Time  0x08006114       0xbc src\main.o
                0x08006114                Do_Time
 .text.Vars_Init
                0x080061d0       0x94 src\main.o
                0x080061d0                Vars_Init
 .text.micro_vprintf
                0x08006264      0x818 src\micro_vprintf.o
                0x08006264                micro_vprintf
 .text.Handle_VT
                0x08006a7c      0x18c src\process.o
                0x08006a7c                Handle_VT
 .text.Time_Callback
                0x08006c08       0x3c src\process.o
                0x08006c08                Time_Callback
 .text.process_Init
                0x08006c44       0x90 src\process.o
                0x08006c44                process_Init
 .text.Reset_Handler
                0x08006cd4       0x70 src\startup_stm32f030xc.o
                0x08006cd4                Reset_Handler
 .text.Default_Handler
                0x08006d44        0x2 src\startup_stm32f030xc.o
                0x08006d44                TIM1_CC_IRQHandler
                0x08006d44                TIM6_IRQHandler
                0x08006d44                I2C1_IRQHandler
                0x08006d44                SPI1_IRQHandler
                0x08006d44                EXTI2_3_IRQHandler
                0x08006d44                ADC1_IRQHandler
                0x08006d44                I2C2_IRQHandler
                0x08006d44                TIM17_IRQHandler
                0x08006d44                RTC_IRQHandler
                0x08006d44                TIM16_IRQHandler
                0x08006d44                TIM3_IRQHandler
                0x08006d44                EXTI4_15_IRQHandler
                0x08006d44                RCC_IRQHandler
                0x08006d44                DMA1_Channel1_IRQHandler
                0x08006d44                Default_Handler
                0x08006d44                TIM14_IRQHandler
                0x08006d44                DMA1_Channel4_5_IRQHandler
                0x08006d44                TIM7_IRQHandler
                0x08006d44                TIM15_IRQHandler
                0x08006d44                EXTI0_1_IRQHandler
                0x08006d44                SPI2_IRQHandler
                0x08006d44                WWDG_IRQHandler
                0x08006d44                DMA1_Channel2_3_IRQHandler
                0x08006d44                USART2_IRQHandler
                0x08006d44                FLASH_IRQHandler
                0x08006d44                TIM1_BRK_UP_TRG_COM_IRQHandler
 .text.NMI_Handler
                0x08006d46        0xa src\stm32f0xx_it.o
                0x08006d46                NMI_Handler
 .text.HardFault_Handler
                0x08006d50        0x6 src\stm32f0xx_it.o
                0x08006d50                HardFault_Handler
 *fill*         0x08006d56        0x2 
 .text.SystemInit
                0x08006d58       0x8c src\system_stm32f0xx.o
                0x08006d58                SystemInit
 .text.SetSysClock
                0x08006de4       0xe0 src\system_stm32f0xx.o
 .text.uart1_Init
                0x08006ec4      0x1b4 src\uart1.o
                0x08006ec4                uart1_Init
 .text.uart1_Putc
                0x08007078       0x38 src\uart1.o
                0x08007078                uart1_Putc
 .text.uart1_PutByteNoLock
                0x080070b0       0x88 src\uart1.o
                0x080070b0                uart1_PutByteNoLock
 .text.uart1_Puts
                0x08007138       0x4c src\uart1.o
                0x08007138                uart1_Puts
 .text.uart1_PutLine
                0x08007184       0x58 src\uart1.o
                0x08007184                uart1_PutLine
 .text.uart1_Printf
                0x080071dc       0x34 src\uart1.o
                0x080071dc                uart1_Printf
 .text.USART1_IRQHandler
                0x08007210      0x170 src\uart1.o
                0x08007210                USART1_IRQHandler
 .text.uart5_Init
                0x08007380      0x1b4 src\uart5.o
                0x08007380                uart5_Init
 .text.uart5_PutByteNoLock
                0x08007534       0x88 src\uart5.o
                0x08007534                uart5_PutByteNoLock
 .text.uart5_PutByte
                0x080075bc       0x40 src\uart5.o
                0x080075bc                uart5_PutByte
 .text.uart5_WaitForByte
                0x080075fc       0x90 src\uart5.o
                0x080075fc                uart5_WaitForByte
 .text.USART3_6_IRQHandler
                0x0800768c      0x170 src\uart5.o
                0x0800768c                USART3_6_IRQHandler
 .text.__libc_init_array
                0x080077fc       0x48 c:/program files (x86)/atollic/truestudio for stm32 9.0.1/armtools/bin/../lib/gcc/arm-atollic-eabi/6.3.1/../../../../arm-atollic-eabi/lib/armv6-m\libc_nano.a(lib_a-init.o)
                0x080077fc                __libc_init_array
 .text.__locale_ctype_ptr_l
                0x08007844        0x6 c:/program files (x86)/atollic/truestudio for stm32 9.0.1/armtools/bin/../lib/gcc/arm-atollic-eabi/6.3.1/../../../../arm-atollic-eabi/lib/armv6-m\libc_nano.a(lib_a-locale.o)
                0x08007844                __locale_ctype_ptr_l
 *fill*         0x0800784a        0x2 
 .text.__locale_ctype_ptr
                0x0800784c       0x1c c:/program files (x86)/atollic/truestudio for stm32 9.0.1/armtools/bin/../lib/gcc/arm-atollic-eabi/6.3.1/../../../../arm-atollic-eabi/lib/armv6-m\libc_nano.a(lib_a-locale.o)
                0x0800784c                __locale_ctype_ptr
 .text.malloc   0x08007868       0x14 c:/program files (x86)/atollic/truestudio for stm32 9.0.1/armtools/bin/../lib/gcc/arm-atollic-eabi/6.3.1/../../../../arm-atollic-eabi/lib/armv6-m\libc_nano.a(lib_a-malloc.o)
                0x08007868                malloc
 .text.free     0x0800787c       0x14 c:/program files (x86)/atollic/truestudio for stm32 9.0.1/armtools/bin/../lib/gcc/arm-atollic-eabi/6.3.1/../../../../arm-atollic-eabi/lib/armv6-m\libc_nano.a(lib_a-malloc.o)
                0x0800787c                free
 .text.__ascii_mbtowc
                0x08007890       0x24 c:/program files (x86)/atollic/truestudio for stm32 9.0.1/armtools/bin/../lib/gcc/arm-atollic-eabi/6.3.1/../../../../arm-atollic-eabi/lib/armv6-m\libc_nano.a(lib_a-mbtowc_r.o)
                0x08007890                __ascii_mbtowc
 .text.memcmp   0x080078b4       0x1e c:/program files (x86)/atollic/truestudio for stm32 9.0.1/armtools/bin/../lib/gcc/arm-atollic-eabi/6.3.1/../../../../arm-atollic-eabi/lib/armv6-m\libc_nano.a(lib_a-memcmp.o)
                0x080078b4                memcmp
 .text.memcpy   0x080078d2       0x12 c:/program files (x86)/atollic/truestudio for stm32 9.0.1/armtools/bin/../lib/gcc/arm-atollic-eabi/6.3.1/../../../../arm-atollic-eabi/lib/armv6-m\libc_nano.a(lib_a-memcpy-stub.o)
                0x080078d2                memcpy
 .text.memset   0x080078e4       0x10 c:/program files (x86)/atollic/truestudio for stm32 9.0.1/armtools/bin/../lib/gcc/arm-atollic-eabi/6.3.1/../../../../arm-atollic-eabi/lib/armv6-m\libc_nano.a(lib_a-memset.o)
                0x080078e4                memset
 .text.validate_structure
                0x080078f4      0x198 c:/program files (x86)/atollic/truestudio for stm32 9.0.1/armtools/bin/../lib/gcc/arm-atollic-eabi/6.3.1/../../../../arm-atollic-eabi/lib/armv6-m\libc_nano.a(lib_a-mktime.o)
 .text.mktime   0x08007a8c      0x314 c:/program files (x86)/atollic/truestudio for stm32 9.0.1/armtools/bin/../lib/gcc/arm-atollic-eabi/6.3.1/../../../../arm-atollic-eabi/lib/armv6-m\libc_nano.a(lib_a-mktime.o)
                0x08007a8c                mktime
 .text._free_r  0x08007da0       0x94 c:/program files (x86)/atollic/truestudio for stm32 9.0.1/armtools/bin/../lib/gcc/arm-atollic-eabi/6.3.1/../../../../arm-atollic-eabi/lib/armv6-m\libc_nano.a(lib_a-nano-freer.o)
                0x08007da0                _free_r
 .text._malloc_r
                0x08007e34       0xbc c:/program files (x86)/atollic/truestudio for stm32 9.0.1/armtools/bin/../lib/gcc/arm-atollic-eabi/6.3.1/../../../../arm-atollic-eabi/lib/armv6-m\libc_nano.a(lib_a-nano-mallocr.o)
                0x08007e34                _malloc_r
 .text._sbrk_r  0x08007ef0       0x24 c:/program files (x86)/atollic/truestudio for stm32 9.0.1/armtools/bin/../lib/gcc/arm-atollic-eabi/6.3.1/../../../../arm-atollic-eabi/lib/armv6-m\libc_nano.a(lib_a-sbrkr.o)
                0x08007ef0                _sbrk_r
 .text.snprintf
                0x08007f14       0x64 c:/program files (x86)/atollic/truestudio for stm32 9.0.1/armtools/bin/../lib/gcc/arm-atollic-eabi/6.3.1/../../../../arm-atollic-eabi/lib/armv6-m\libc_nano.a(lib_a-snprintf.o)
                0x08007f14                sniprintf
                0x08007f14                snprintf
 .text.sprintf  0x08007f78       0x44 c:/program files (x86)/atollic/truestudio for stm32 9.0.1/armtools/bin/../lib/gcc/arm-atollic-eabi/6.3.1/../../../../arm-atollic-eabi/lib/armv6-m\libc_nano.a(lib_a-sprintf.o)
                0x08007f78                siprintf
                0x08007f78                sprintf
 .text.strcat   0x08007fbc       0x1a c:/program files (x86)/atollic/truestudio for stm32 9.0.1/armtools/bin/../lib/gcc/arm-atollic-eabi/6.3.1/../../../../arm-atollic-eabi/lib/armv6-m\libc_nano.a(lib_a-strcat.o)
                0x08007fbc                strcat
 .text.strchr   0x08007fd6       0x1c c:/program files (x86)/atollic/truestudio for stm32 9.0.1/armtools/bin/../lib/gcc/arm-atollic-eabi/6.3.1/../../../../arm-atollic-eabi/lib/armv6-m\libc_nano.a(lib_a-strchr.o)
                0x08007fd6                strchr
 .text.strcpy   0x08007ff2       0x10 c:/program files (x86)/atollic/truestudio for stm32 9.0.1/armtools/bin/../lib/gcc/arm-atollic-eabi/6.3.1/../../../../arm-atollic-eabi/lib/armv6-m\libc_nano.a(lib_a-strcpy.o)
                0x08007ff2                strcpy
 .text.strncmp  0x08008002       0x22 c:/program files (x86)/atollic/truestudio for stm32 9.0.1/armtools/bin/../lib/gcc/arm-atollic-eabi/6.3.1/../../../../arm-atollic-eabi/lib/armv6-m\libc_nano.a(lib_a-strncmp.o)
                0x08008002                strncmp
 .text.strncpy  0x08008024       0x2a c:/program files (x86)/atollic/truestudio for stm32 9.0.1/armtools/bin/../lib/gcc/arm-atollic-eabi/6.3.1/../../../../arm-atollic-eabi/lib/armv6-m\libc_nano.a(lib_a-strncpy.o)
                0x08008024                strncpy
 .text.strstr   0x0800804e       0x30 c:/program files (x86)/atollic/truestudio for stm32 9.0.1/armtools/bin/../lib/gcc/arm-atollic-eabi/6.3.1/../../../../arm-atollic-eabi/lib/armv6-m\libc_nano.a(lib_a-strstr.o)
                0x0800804e                strstr
 *fill*         0x0800807e        0x2 
 .text._strtol_l.isra.0
                0x08008080      0x10c c:/program files (x86)/atollic/truestudio for stm32 9.0.1/armtools/bin/../lib/gcc/arm-atollic-eabi/6.3.1/../../../../arm-atollic-eabi/lib/armv6-m\libc_nano.a(lib_a-strtol.o)
 .text._strtol_r
                0x0800818c       0x20 c:/program files (x86)/atollic/truestudio for stm32 9.0.1/armtools/bin/../lib/gcc/arm-atollic-eabi/6.3.1/../../../../arm-atollic-eabi/lib/armv6-m\libc_nano.a(lib_a-strtol.o)
                0x0800818c                _strtol_r
 .text.strtol   0x080081ac       0x28 c:/program files (x86)/atollic/truestudio for stm32 9.0.1/armtools/bin/../lib/gcc/arm-atollic-eabi/6.3.1/../../../../arm-atollic-eabi/lib/armv6-m\libc_nano.a(lib_a-strtol.o)
                0x080081ac                strtol
 .text.__tzcalc_limits
                0x080081d4      0x15c c:/program files (x86)/atollic/truestudio for stm32 9.0.1/armtools/bin/../lib/gcc/arm-atollic-eabi/6.3.1/../../../../arm-atollic-eabi/lib/armv6-m\libc_nano.a(lib_a-tzcalc_limits.o)
                0x080081d4                __tzcalc_limits
 .text.__tz_lock
                0x08008330        0x2 c:/program files (x86)/atollic/truestudio for stm32 9.0.1/armtools/bin/../lib/gcc/arm-atollic-eabi/6.3.1/../../../../arm-atollic-eabi/lib/armv6-m\libc_nano.a(lib_a-tzlock.o)
                0x08008330                __tz_lock
 .text.__tz_unlock
                0x08008332        0x2 c:/program files (x86)/atollic/truestudio for stm32 9.0.1/armtools/bin/../lib/gcc/arm-atollic-eabi/6.3.1/../../../../arm-atollic-eabi/lib/armv6-m\libc_nano.a(lib_a-tzlock.o)
                0x08008332                __tz_unlock
 .text._tzset_unlocked
                0x08008334       0x10 c:/program files (x86)/atollic/truestudio for stm32 9.0.1/armtools/bin/../lib/gcc/arm-atollic-eabi/6.3.1/../../../../arm-atollic-eabi/lib/armv6-m\libc_nano.a(lib_a-tzset.o)
                0x08008334                _tzset_unlocked
 .text._tzset_unlocked_r
                0x08008344      0x2fc c:/program files (x86)/atollic/truestudio for stm32 9.0.1/armtools/bin/../lib/gcc/arm-atollic-eabi/6.3.1/../../../../arm-atollic-eabi/lib/armv6-m\libc_nano.a(lib_a-tzset_r.o)
                0x08008344                _tzset_unlocked_r
 .text._vsnprintf_r
                0x08008640       0x56 c:/program files (x86)/atollic/truestudio for stm32 9.0.1/armtools/bin/../lib/gcc/arm-atollic-eabi/6.3.1/../../../../arm-atollic-eabi/lib/armv6-m\libc_nano.a(lib_a-vsnprintf.o)
                0x08008640                _vsniprintf_r
                0x08008640                _vsnprintf_r
 *fill*         0x08008696        0x2 
 .text.vsnprintf
                0x08008698       0x18 c:/program files (x86)/atollic/truestudio for stm32 9.0.1/armtools/bin/../lib/gcc/arm-atollic-eabi/6.3.1/../../../../arm-atollic-eabi/lib/armv6-m\libc_nano.a(lib_a-vsnprintf.o)
                0x08008698                vsniprintf
                0x08008698                vsnprintf
 .text.__ascii_wctomb
                0x080086b0       0x18 c:/program files (x86)/atollic/truestudio for stm32 9.0.1/armtools/bin/../lib/gcc/arm-atollic-eabi/6.3.1/../../../../arm-atollic-eabi/lib/armv6-m\libc_nano.a(lib_a-wctomb_r.o)
                0x080086b0                __ascii_wctomb
 .text.div      0x080086c8       0x38 c:/program files (x86)/atollic/truestudio for stm32 9.0.1/armtools/bin/../lib/gcc/arm-atollic-eabi/6.3.1/../../../../arm-atollic-eabi/lib/armv6-m\libc_nano.a(lib_a-div.o)
                0x080086c8                div
 .text._findenv_r
                0x08008700       0x78 c:/program files (x86)/atollic/truestudio for stm32 9.0.1/armtools/bin/../lib/gcc/arm-atollic-eabi/6.3.1/../../../../arm-atollic-eabi/lib/armv6-m\libc_nano.a(lib_a-getenv_r.o)
                0x08008700                _findenv_r
 .text._getenv_r
                0x08008778        0xa c:/program files (x86)/atollic/truestudio for stm32 9.0.1/armtools/bin/../lib/gcc/arm-atollic-eabi/6.3.1/../../../../arm-atollic-eabi/lib/armv6-m\libc_nano.a(lib_a-getenv_r.o)
                0x08008778                _getenv_r
 *fill*         0x08008782        0x2 
 .text.__gettzinfo
                0x08008784        0x8 c:/program files (x86)/atollic/truestudio for stm32 9.0.1/armtools/bin/../lib/gcc/arm-atollic-eabi/6.3.1/../../../../arm-atollic-eabi/lib/armv6-m\libc_nano.a(lib_a-gettzinfo.o)
                0x08008784                __gettzinfo
 .text.__malloc_lock
                0x0800878c        0x2 c:/program files (x86)/atollic/truestudio for stm32 9.0.1/armtools/bin/../lib/gcc/arm-atollic-eabi/6.3.1/../../../../arm-atollic-eabi/lib/armv6-m\libc_nano.a(lib_a-mlock.o)
                0x0800878c                __malloc_lock
 .text.__malloc_unlock
                0x0800878e        0x2 c:/program files (x86)/atollic/truestudio for stm32 9.0.1/armtools/bin/../lib/gcc/arm-atollic-eabi/6.3.1/../../../../arm-atollic-eabi/lib/armv6-m\libc_nano.a(lib_a-mlock.o)
                0x0800878e                __malloc_unlock
 .text.__ssputs_r
                0x08008790       0xc4 c:/program files (x86)/atollic/truestudio for stm32 9.0.1/armtools/bin/../lib/gcc/arm-atollic-eabi/6.3.1/../../../../arm-atollic-eabi/lib/armv6-m\libc_nano.a(lib_a-nano-svfprintf.o)
                0x08008790                __ssputs_r
 .text._svfprintf_r
                0x08008854      0x208 c:/program files (x86)/atollic/truestudio for stm32 9.0.1/armtools/bin/../lib/gcc/arm-atollic-eabi/6.3.1/../../../../arm-atollic-eabi/lib/armv6-m\libc_nano.a(lib_a-nano-svfprintf.o)
                0x08008854                _svfiprintf_r
                0x08008854                _svfprintf_r
 .text._printf_common
                0x08008a5c       0xda c:/program files (x86)/atollic/truestudio for stm32 9.0.1/armtools/bin/../lib/gcc/arm-atollic-eabi/6.3.1/../../../../arm-atollic-eabi/lib/armv6-m\libc_nano.a(lib_a-nano-vfprintf_i.o)
                0x08008a5c                _printf_common
 *fill*         0x08008b36        0x2 
 .text._printf_i
                0x08008b38      0x234 c:/program files (x86)/atollic/truestudio for stm32 9.0.1/armtools/bin/../lib/gcc/arm-atollic-eabi/6.3.1/../../../../arm-atollic-eabi/lib/armv6-m\libc_nano.a(lib_a-nano-vfprintf_i.o)
                0x08008b38                _printf_i
 .text.sscanf   0x08008d6c       0x50 c:/program files (x86)/atollic/truestudio for stm32 9.0.1/armtools/bin/../lib/gcc/arm-atollic-eabi/6.3.1/../../../../arm-atollic-eabi/lib/armv6-m\libc_nano.a(lib_a-sscanf.o)
                0x08008d6c                siscanf
                0x08008d6c                sscanf
 .text.__seofread
                0x08008dbc        0x4 c:/program files (x86)/atollic/truestudio for stm32 9.0.1/armtools/bin/../lib/gcc/arm-atollic-eabi/6.3.1/../../../../arm-atollic-eabi/lib/armv6-m\libc_nano.a(lib_a-stdio.o)
                0x08008dbc                __seofread
 .text._strtoul_l.isra.0
                0x08008dc0      0x10e c:/program files (x86)/atollic/truestudio for stm32 9.0.1/armtools/bin/../lib/gcc/arm-atollic-eabi/6.3.1/../../../../arm-atollic-eabi/lib/armv6-m\libc_nano.a(lib_a-strtoul.o)
 *fill*         0x08008ece        0x2 
 .text._strtoul_r
                0x08008ed0       0x20 c:/program files (x86)/atollic/truestudio for stm32 9.0.1/armtools/bin/../lib/gcc/arm-atollic-eabi/6.3.1/../../../../arm-atollic-eabi/lib/armv6-m\libc_nano.a(lib_a-strtoul.o)
                0x08008ed0                _strtoul_r
 .text.strtoul  0x08008ef0       0x28 c:/program files (x86)/atollic/truestudio for stm32 9.0.1/armtools/bin/../lib/gcc/arm-atollic-eabi/6.3.1/../../../../arm-atollic-eabi/lib/armv6-m\libc_nano.a(lib_a-strtoul.o)
                0x08008ef0                strtoul
 .text.__env_lock
                0x08008f18        0x2 c:/program files (x86)/atollic/truestudio for stm32 9.0.1/armtools/bin/../lib/gcc/arm-atollic-eabi/6.3.1/../../../../arm-atollic-eabi/lib/armv6-m\libc_nano.a(lib_a-envlock.o)
                0x08008f18                __env_lock
 .text.__env_unlock
                0x08008f1a        0x2 c:/program files (x86)/atollic/truestudio for stm32 9.0.1/armtools/bin/../lib/gcc/arm-atollic-eabi/6.3.1/../../../../arm-atollic-eabi/lib/armv6-m\libc_nano.a(lib_a-envlock.o)
                0x08008f1a                __env_unlock
 .text.memchr   0x08008f1c       0x16 c:/program files (x86)/atollic/truestudio for stm32 9.0.1/armtools/bin/../lib/gcc/arm-atollic-eabi/6.3.1/../../../../arm-atollic-eabi/lib/armv6-m\libc_nano.a(lib_a-memchr-stub.o)
                0x08008f1c                memchr
 .text.memmove  0x08008f32       0x24 c:/program files (x86)/atollic/truestudio for stm32 9.0.1/armtools/bin/../lib/gcc/arm-atollic-eabi/6.3.1/../../../../arm-atollic-eabi/lib/armv6-m\libc_nano.a(lib_a-memmove.o)
                0x08008f32                memmove
 .text._realloc_r
                0x08008f56       0x4c c:/program files (x86)/atollic/truestudio for stm32 9.0.1/armtools/bin/../lib/gcc/arm-atollic-eabi/6.3.1/../../../../arm-atollic-eabi/lib/armv6-m\libc_nano.a(lib_a-nano-reallocr.o)
                0x08008f56                _realloc_r
 .text._sungetc_r
                0x08008fa2       0x78 c:/program files (x86)/atollic/truestudio for stm32 9.0.1/armtools/bin/../lib/gcc/arm-atollic-eabi/6.3.1/../../../../arm-atollic-eabi/lib/armv6-m\libc_nano.a(lib_a-nano-svfscanf.o)
                0x08008fa2                _sungetc_r
 .text.__ssrefill_r
                0x0800901a       0x3e c:/program files (x86)/atollic/truestudio for stm32 9.0.1/armtools/bin/../lib/gcc/arm-atollic-eabi/6.3.1/../../../../arm-atollic-eabi/lib/armv6-m\libc_nano.a(lib_a-nano-svfscanf.o)
                0x0800901a                __ssrefill_r
 .text.__ssvfscanf_r
                0x08009058      0x30c c:/program files (x86)/atollic/truestudio for stm32 9.0.1/armtools/bin/../lib/gcc/arm-atollic-eabi/6.3.1/../../../../arm-atollic-eabi/lib/armv6-m\libc_nano.a(lib_a-nano-svfscanf.o)
                0x08009058                __ssvfiscanf_r
                0x08009058                __ssvfscanf_r
 .text._scanf_chars
                0x08009364       0xc8 c:/program files (x86)/atollic/truestudio for stm32 9.0.1/armtools/bin/../lib/gcc/arm-atollic-eabi/6.3.1/../../../../arm-atollic-eabi/lib/armv6-m\libc_nano.a(lib_a-nano-vfscanf_i.o)
                0x08009364                _scanf_chars
 .text._scanf_i
                0x0800942c      0x200 c:/program files (x86)/atollic/truestudio for stm32 9.0.1/armtools/bin/../lib/gcc/arm-atollic-eabi/6.3.1/../../../../arm-atollic-eabi/lib/armv6-m\libc_nano.a(lib_a-nano-vfscanf_i.o)
                0x0800942c                _scanf_i
 .text.__sccl   0x0800962c       0x62 c:/program files (x86)/atollic/truestudio for stm32 9.0.1/armtools/bin/../lib/gcc/arm-atollic-eabi/6.3.1/../../../../arm-atollic-eabi/lib/armv6-m\libc_nano.a(lib_a-sccl.o)
                0x0800962c                __sccl
 *fill*         0x0800968e        0x2 
 .text.__submore
                0x08009690       0x7c c:/program files (x86)/atollic/truestudio for stm32 9.0.1/armtools/bin/../lib/gcc/arm-atollic-eabi/6.3.1/../../../../arm-atollic-eabi/lib/armv6-m\libc_nano.a(lib_a-ungetc.o)
                0x08009690                __submore
 .text._malloc_usable_size_r
                0x0800970c       0x10 c:/program files (x86)/atollic/truestudio for stm32 9.0.1/armtools/bin/../lib/gcc/arm-atollic-eabi/6.3.1/../../../../arm-atollic-eabi/lib/armv6-m\libc_nano.a(lib_a-nano-msizer.o)
                0x0800970c                _malloc_usable_size_r
 .text._sbrk    0x0800971c       0x20 c:/program files (x86)/atollic/truestudio for stm32 9.0.1/armtools/bin/../lib/gcc/arm-atollic-eabi/6.3.1/../../../../arm-atollic-eabi/lib/armv6-m\libnosys.a(sbrk.o)
                0x0800971c                _sbrk
 *(.glue_7)
 .glue_7        0x0800973c        0x0 linker stubs
 *(.glue_7t)
 .glue_7t       0x0800973c        0x0 linker stubs
 *(.eh_frame)
 .eh_frame      0x0800973c        0x0 c:/program files (x86)/atollic/truestudio for stm32 9.0.1/armtools/bin/../lib/gcc/arm-atollic-eabi/6.3.1/armv6-m/crtbegin.o
 *(.init)
 .init          0x0800973c        0x4 c:/program files (x86)/atollic/truestudio for stm32 9.0.1/armtools/bin/../lib/gcc/arm-atollic-eabi/6.3.1/armv6-m/crti.o
                0x0800973c                _init
 .init          0x08009740        0x8 c:/program files (x86)/atollic/truestudio for stm32 9.0.1/armtools/bin/../lib/gcc/arm-atollic-eabi/6.3.1/armv6-m/crtn.o
 *(.fini)
 .fini          0x08009748        0x4 c:/program files (x86)/atollic/truestudio for stm32 9.0.1/armtools/bin/../lib/gcc/arm-atollic-eabi/6.3.1/armv6-m/crti.o
                0x08009748                _fini
 .fini          0x0800974c        0x8 c:/program files (x86)/atollic/truestudio for stm32 9.0.1/armtools/bin/../lib/gcc/arm-atollic-eabi/6.3.1/armv6-m/crtn.o
                0x08009754                . = ALIGN (0x4)
                0x08009754                _etext = .

.vfp11_veneer   0x08009754        0x0
 .vfp11_veneer  0x08009754        0x0 linker stubs

.v4_bx          0x08009754        0x0
 .v4_bx         0x08009754        0x0 linker stubs

.iplt           0x08009754        0x0
 .iplt          0x08009754        0x0 c:/program files (x86)/atollic/truestudio for stm32 9.0.1/armtools/bin/../lib/gcc/arm-atollic-eabi/6.3.1/armv6-m/crtbegin.o

.rodata         0x08009754      0xdd8
                0x08009754                . = ALIGN (0x4)
 *(.rodata)
 .rodata        0x08009754        0x5 FreeRTOS_Source\tasks.o
 *fill*         0x08009759        0x3 
 .rodata        0x0800975c        0x8 FreeRTOS_Source\timers.o
 .rodata        0x08009764       0x1e src\Flash.o
 *fill*         0x08009782        0x2 
 .rodata        0x08009784      0x4b2 src\gsm.o
 *fill*         0x08009c36        0x2 
 .rodata        0x08009c38      0x13e src\gsmtask.o
 *fill*         0x08009d76        0x2 
 .rodata        0x08009d78       0xf7 src\main.o
 *fill*         0x08009e6f        0x1 
 .rodata        0x08009e70       0x19 src\micro_vprintf.o
 *fill*         0x08009e89        0x3 
 .rodata        0x08009e8c        0xc c:/program files (x86)/atollic/truestudio for stm32 9.0.1/armtools/bin/../lib/gcc/arm-atollic-eabi/6.3.1/../../../../arm-atollic-eabi/lib/armv6-m\libc_nano.a(lib_a-nano-vfscanf_i.o)
 *(.rodata*)
 .rodata.ucExpectedStackBytes.6072
                0x08009e98       0x14 FreeRTOS_Source\tasks.o
 .rodata.Temp_Table
                0x08009eac      0x118 src\Temp.o
                0x08009eac                Temp_Table
 .rodata.receiveheader.6284
                0x08009fc4        0xc src\gsm.o
 .rodata.g_auth
                0x08009fd0       0x91 src\gsmtask.o
 *fill*         0x0800a061        0x3 
 .rodata.g_apn  0x0800a064        0xd src\gsmtask.o
 *fill*         0x0800a071        0x3 
 .rodata.g_name
                0x0800a074        0xa src\gsmtask.o
 *fill*         0x0800a07e        0x2 
 .rodata.g_url  0x0800a080       0x60 src\gsmtask.o
 .rodata.Pin_Defns
                0x0800a0e0      0x18c src\hal.o
                0x0800a0e0                Pin_Defns
 .rodata.hexchar.5340
                0x0800a26c        0x4 src\micro_vprintf.o
 .rodata._setlocale_r.str1.1
                0x0800a270        0x8 c:/program files (x86)/atollic/truestudio for stm32 9.0.1/armtools/bin/../lib/gcc/arm-atollic-eabi/6.3.1/../../../../arm-atollic-eabi/lib/armv6-m\libc_nano.a(lib_a-locale.o)
                                  0x9 (size before relaxing)
 .rodata.str1.1
                0x0800a278        0x2 c:/program files (x86)/atollic/truestudio for stm32 9.0.1/armtools/bin/../lib/gcc/arm-atollic-eabi/6.3.1/../../../../arm-atollic-eabi/lib/armv6-m\libc_nano.a(lib_a-locale.o)
 *fill*         0x0800a27a        0x2 
 .rodata.DAYS_IN_MONTH
                0x0800a27c       0x30 c:/program files (x86)/atollic/truestudio for stm32 9.0.1/armtools/bin/../lib/gcc/arm-atollic-eabi/6.3.1/../../../../arm-atollic-eabi/lib/armv6-m\libc_nano.a(lib_a-mktime.o)
 .rodata._DAYS_BEFORE_MONTH
                0x0800a2ac       0x30 c:/program files (x86)/atollic/truestudio for stm32 9.0.1/armtools/bin/../lib/gcc/arm-atollic-eabi/6.3.1/../../../../arm-atollic-eabi/lib/armv6-m\libc_nano.a(lib_a-mktime.o)
 .rodata._tzset_unlocked_r.str1.1
                0x0800a2dc       0x3c c:/program files (x86)/atollic/truestudio for stm32 9.0.1/armtools/bin/../lib/gcc/arm-atollic-eabi/6.3.1/../../../../arm-atollic-eabi/lib/armv6-m\libc_nano.a(lib_a-tzset_r.o)
                                 0x4e (size before relaxing)
 .rodata.str1.1
                0x0800a318        0x4 c:/program files (x86)/atollic/truestudio for stm32 9.0.1/armtools/bin/../lib/gcc/arm-atollic-eabi/6.3.1/../../../../arm-atollic-eabi/lib/armv6-m\libc_nano.a(lib_a-tzvars.o)
 .rodata._ctype_
                0x0800a318      0x101 c:/program files (x86)/atollic/truestudio for stm32 9.0.1/armtools/bin/../lib/gcc/arm-atollic-eabi/6.3.1/../../../../arm-atollic-eabi/lib/armv6-m\libc_nano.a(lib_a-ctype_.o)
                0x0800a318                _ctype_
 *fill*         0x0800a419        0x3 
 .rodata.__month_lengths
                0x0800a41c       0x60 c:/program files (x86)/atollic/truestudio for stm32 9.0.1/armtools/bin/../lib/gcc/arm-atollic-eabi/6.3.1/../../../../arm-atollic-eabi/lib/armv6-m\libc_nano.a(lib_a-month_lengths.o)
                0x0800a41c                __month_lengths
 .rodata._svfprintf_r.str1.1
                0x0800a47c       0x11 c:/program files (x86)/atollic/truestudio for stm32 9.0.1/armtools/bin/../lib/gcc/arm-atollic-eabi/6.3.1/../../../../arm-atollic-eabi/lib/armv6-m\libc_nano.a(lib_a-nano-svfprintf.o)
 .rodata._printf_i.str1.1
                0x0800a48d       0x22 c:/program files (x86)/atollic/truestudio for stm32 9.0.1/armtools/bin/../lib/gcc/arm-atollic-eabi/6.3.1/../../../../arm-atollic-eabi/lib/armv6-m\libc_nano.a(lib_a-nano-vfprintf_i.o)
 .rodata.__ssvfscanf_r.str1.1
                0x0800a4af        0x4 c:/program files (x86)/atollic/truestudio for stm32 9.0.1/armtools/bin/../lib/gcc/arm-atollic-eabi/6.3.1/../../../../arm-atollic-eabi/lib/armv6-m\libc_nano.a(lib_a-nano-svfscanf.o)
 .rodata._scanf_i.str1.1
                0x0800a4af       0x12 c:/program files (x86)/atollic/truestudio for stm32 9.0.1/armtools/bin/../lib/gcc/arm-atollic-eabi/6.3.1/../../../../arm-atollic-eabi/lib/armv6-m\libc_nano.a(lib_a-nano-vfscanf_i.o)
 .rodata.str1.1
                0x0800a4c1        0x9 c:/program files (x86)/atollic/truestudio for stm32 9.0.1/armtools/bin/../lib/gcc/arm-atollic-eabi/6.3.1/../../../../arm-atollic-eabi/lib/armv6-m\libc_nano.a(lib_a-nano-vfscanf_i.o)
 *fill*         0x0800a4ca        0x2 
 .rodata.__sf_fake_stderr
                0x0800a4cc       0x20 c:/program files (x86)/atollic/truestudio for stm32 9.0.1/armtools/bin/../lib/gcc/arm-atollic-eabi/6.3.1/../../../../arm-atollic-eabi/lib/armv6-m\libc_nano.a(lib_a-findfp.o)
                0x0800a4cc                __sf_fake_stderr
 .rodata.__sf_fake_stdin
                0x0800a4ec       0x20 c:/program files (x86)/atollic/truestudio for stm32 9.0.1/armtools/bin/../lib/gcc/arm-atollic-eabi/6.3.1/../../../../arm-atollic-eabi/lib/armv6-m\libc_nano.a(lib_a-findfp.o)
                0x0800a4ec                __sf_fake_stdin
 .rodata.__sf_fake_stdout
                0x0800a50c       0x20 c:/program files (x86)/atollic/truestudio for stm32 9.0.1/armtools/bin/../lib/gcc/arm-atollic-eabi/6.3.1/../../../../arm-atollic-eabi/lib/armv6-m\libc_nano.a(lib_a-findfp.o)
                0x0800a50c                __sf_fake_stdout
                0x0800a52c                . = ALIGN (0x4)

.ARM.extab
 *(.ARM.extab* .gnu.linkonce.armextab.*)

.ARM            0x0800a52c        0x8
                0x0800a52c                __exidx_start = .
 *(.ARM.exidx*)
 .ARM.exidx     0x0800a52c        0x8 c:/program files (x86)/atollic/truestudio for stm32 9.0.1/armtools/bin/../lib/gcc/arm-atollic-eabi/6.3.1/armv6-m\libgcc.a(_udivmoddi4.o)
                0x0800a534                __exidx_end = .

.rel.dyn        0x0800a534        0x0
 .rel.iplt      0x0800a534        0x0 c:/program files (x86)/atollic/truestudio for stm32 9.0.1/armtools/bin/../lib/gcc/arm-atollic-eabi/6.3.1/armv6-m/crtbegin.o

.preinit_array  0x0800a534        0x0
                0x0800a534                PROVIDE (__preinit_array_start, .)
 *(.preinit_array*)
                0x0800a534                PROVIDE (__preinit_array_end, .)

.init_array     0x0800a534        0x4
                0x0800a534                PROVIDE (__init_array_start, .)
 *(SORT(.init_array.*))
 *(.init_array*)
 .init_array    0x0800a534        0x4 c:/program files (x86)/atollic/truestudio for stm32 9.0.1/armtools/bin/../lib/gcc/arm-atollic-eabi/6.3.1/armv6-m/crtbegin.o
                0x0800a538                PROVIDE (__init_array_end, .)

.fini_array     0x0800a538        0x4
                [!provide]                PROVIDE (__fini_array_start, .)
 *(SORT(.fini_array.*))
 *(.fini_array*)
 .fini_array    0x0800a538        0x4 c:/program files (x86)/atollic/truestudio for stm32 9.0.1/armtools/bin/../lib/gcc/arm-atollic-eabi/6.3.1/armv6-m/crtbegin.o
                [!provide]                PROVIDE (__fini_array_end, .)
                0x0800a53c                _sidata = LOADADDR (.data)

.data           0x20000000      0x2ac load address 0x0800a53c
                0x20000000                . = ALIGN (0x4)
                0x20000000                _sdata = .
 *(.data)
 *(.data*)
 .data.uxCriticalNesting
                0x20000000        0x4 FreeRTOS_Source\portable\GCC\ARM_CM0\port.o
 .data.xNextTaskUnblockTime
                0x20000004        0x4 FreeRTOS_Source\tasks.o
 .data.APBAHBPrescTable
                0x20000008       0x10 Libraries\STM32F0xx_StdPeriph_Driver\src\stm32f0xx_rcc.o
 .data.g_apn    0x20000018       0x20 src\gsm.o
 .data.default_command_response_timeout_ms
                0x20000038        0x4 src\gsm.o
 .data.command_response_timeouts
                0x2000003c       0x48 src\gsm.o
                0x2000003c                command_response_timeouts
 .data.sz_rbuf.6381
                0x20000084        0x4 src\gsm.o
 .data.sz_rbuf.6391
                0x20000088        0x4 src\gsm.o
 .data.sz_rbuf.6401
                0x2000008c        0x4 src\gsm.o
 .data.__global_locale
                0x20000090      0x16c c:/program files (x86)/atollic/truestudio for stm32 9.0.1/armtools/bin/../lib/gcc/arm-atollic-eabi/6.3.1/../../../../arm-atollic-eabi/lib/armv6-m\libc_nano.a(lib_a-locale.o)
                0x20000090                __global_locale
 .data._tzname  0x200001fc        0x8 c:/program files (x86)/atollic/truestudio for stm32 9.0.1/armtools/bin/../lib/gcc/arm-atollic-eabi/6.3.1/../../../../arm-atollic-eabi/lib/armv6-m\libc_nano.a(lib_a-tzvars.o)
                0x200001fc                _tzname
 .data.tzinfo   0x20000204       0x40 c:/program files (x86)/atollic/truestudio for stm32 9.0.1/armtools/bin/../lib/gcc/arm-atollic-eabi/6.3.1/../../../../arm-atollic-eabi/lib/armv6-m\libc_nano.a(lib_a-gettzinfo.o)
 .data._impure_ptr
                0x20000244        0x4 c:/program files (x86)/atollic/truestudio for stm32 9.0.1/armtools/bin/../lib/gcc/arm-atollic-eabi/6.3.1/../../../../arm-atollic-eabi/lib/armv6-m\libc_nano.a(lib_a-impure.o)
                0x20000244                _impure_ptr
 .data.impure_data
                0x20000248       0x60 c:/program files (x86)/atollic/truestudio for stm32 9.0.1/armtools/bin/../lib/gcc/arm-atollic-eabi/6.3.1/../../../../arm-atollic-eabi/lib/armv6-m\libc_nano.a(lib_a-impure.o)
 .data.environ  0x200002a8        0x4 c:/program files (x86)/atollic/truestudio for stm32 9.0.1/armtools/bin/../lib/gcc/arm-atollic-eabi/6.3.1/../../../../arm-atollic-eabi/lib/armv6-m\libc_nano.a(lib_a-environ.o)
                0x200002a8                environ
                0x200002ac                . = ALIGN (0x4)
                0x200002ac                _edata = .

.igot.plt       0x200002ac        0x0 load address 0x0800a7e8
 .igot.plt      0x200002ac        0x0 c:/program files (x86)/atollic/truestudio for stm32 9.0.1/armtools/bin/../lib/gcc/arm-atollic-eabi/6.3.1/armv6-m/crtbegin.o
                0x200002ac                . = ALIGN (0x4)

.bss            0x200002b0     0x50bc load address 0x0800a7e8
                0x200002b0                _sbss = .
                0x200002b0                __bss_start__ = _sbss
 *(.bss)
 .bss           0x200002b0       0x1c c:/program files (x86)/atollic/truestudio for stm32 9.0.1/armtools/bin/../lib/gcc/arm-atollic-eabi/6.3.1/armv6-m/crtbegin.o
 *(.bss*)
 *fill*         0x200002cc        0x4 
 .bss.xHeap     0x200002d0     0x1c00 FreeRTOS_Source\portable\MemMang\heap_1.o
 .bss.xNextFreeByte
                0x20001ed0        0x4 FreeRTOS_Source\portable\MemMang\heap_1.o
 .bss.pxCurrentTCB
                0x20001ed4        0x4 FreeRTOS_Source\tasks.o
                0x20001ed4                pxCurrentTCB
 .bss.pxReadyTasksLists
                0x20001ed8       0x64 FreeRTOS_Source\tasks.o
 .bss.xDelayedTaskList1
                0x20001f3c       0x14 FreeRTOS_Source\tasks.o
 .bss.xDelayedTaskList2
                0x20001f50       0x14 FreeRTOS_Source\tasks.o
 .bss.pxDelayedTaskList
                0x20001f64        0x4 FreeRTOS_Source\tasks.o
 .bss.pxOverflowDelayedTaskList
                0x20001f68        0x4 FreeRTOS_Source\tasks.o
 .bss.xPendingReadyList
                0x20001f6c       0x14 FreeRTOS_Source\tasks.o
 .bss.xTasksWaitingTermination
                0x20001f80       0x14 FreeRTOS_Source\tasks.o
 .bss.uxTasksDeleted
                0x20001f94        0x4 FreeRTOS_Source\tasks.o
 .bss.xSuspendedTaskList
                0x20001f98       0x14 FreeRTOS_Source\tasks.o
 .bss.uxCurrentNumberOfTasks
                0x20001fac        0x4 FreeRTOS_Source\tasks.o
 .bss.xTickCount
                0x20001fb0        0x4 FreeRTOS_Source\tasks.o
 .bss.uxTopUsedPriority
                0x20001fb4        0x4 FreeRTOS_Source\tasks.o
 .bss.uxTopReadyPriority
                0x20001fb8        0x4 FreeRTOS_Source\tasks.o
 .bss.xSchedulerRunning
                0x20001fbc        0x4 FreeRTOS_Source\tasks.o
 .bss.uxSchedulerSuspended
                0x20001fc0        0x4 FreeRTOS_Source\tasks.o
 .bss.uxMissedTicks
                0x20001fc4        0x4 FreeRTOS_Source\tasks.o
 .bss.xMissedYield
                0x20001fc8        0x4 FreeRTOS_Source\tasks.o
 .bss.xNumOfOverflows
                0x20001fcc        0x4 FreeRTOS_Source\tasks.o
 .bss.uxTaskNumber
                0x20001fd0        0x4 FreeRTOS_Source\tasks.o
 .bss.xActiveTimerList1
                0x20001fd4       0x14 FreeRTOS_Source\timers.o
 .bss.xActiveTimerList2
                0x20001fe8       0x14 FreeRTOS_Source\timers.o
 .bss.pxCurrentTimerList
                0x20001ffc        0x4 FreeRTOS_Source\timers.o
 .bss.pxOverflowTimerList
                0x20002000        0x4 FreeRTOS_Source\timers.o
 .bss.xTimerQueue
                0x20002004        0x4 FreeRTOS_Source\timers.o
 .bss.xLastTime.4485
                0x20002008        0x4 FreeRTOS_Source\timers.o
 .bss.Free_Page
                0x2000200c        0x4 src\Flash.o
 .bss.Sequence  0x20002010        0x4 src\Flash.o
 .bss.UniqueID  0x20002014       0x20 src\Flash.o
 .bss.DummyRead
                0x20002034        0x4 src\Flash.o
 .bss.aPage     0x20002038      0x840 src\Flash.o
 .bss.Page_Info
                0x20002878       0x48 src\Flash.o
 .bss.sumV      0x200028c0        0x4 src\Temp.o
 .bss.nV        0x200028c4        0x4 src\Temp.o
 .bss.AvgV      0x200028c8        0x4 src\Temp.o
 .bss.sumV      0x200028cc        0x4 src\Volts.o
 .bss.nV        0x200028d0        0x4 src\Volts.o
 .bss.AvgV      0x200028d4        0x4 src\Volts.o
 .bss.AbsMaxV   0x200028d8        0x4 src\Volts.o
 .bss.AbsMinV   0x200028dc        0x4 src\Volts.o
 .bss.cipgsmloc
                0x200028e0       0x80 src\gsm.o
 .bss.txt.6302  0x20002960      0x400 src\gsm.o
 .bss.rbuf.6380
                0x20002d60      0x5c5 src\gsm.o
 *fill*         0x20003325        0x3 
 .bss.rbuf.6390
                0x20003328      0x5c5 src\gsm.o
 *fill*         0x200038ed        0x3 
 .bss.rbuf.6400
                0x200038f0      0x5c5 src\gsm.o
 .bss.gHoldSamplesDuringModemActivity
                0x20003eb5        0x1 src\gsmtask.o
                0x20003eb5                gHoldSamplesDuringModemActivity
 *fill*         0x20003eb6        0x2 
 .bss.long_lat.8276
                0x20003eb8       0x80 src\gsmtask.o
 .bss.IMSI.8277
                0x20003f38       0x20 src\gsmtask.o
 .bss.temp_long_lat.8278
                0x20003f58       0x80 src\gsmtask.o
 .bss.ulCountOfTimerCallbackExecutions
                0x20003fd8        0x4 src\main.o
 .bss.Last_Tamper.8291
                0x20003fdc        0x4 src\main.o
 .bss.__malloc_free_list
                0x20003fe0        0x4 c:/program files (x86)/atollic/truestudio for stm32 9.0.1/armtools/bin/../lib/gcc/arm-atollic-eabi/6.3.1/../../../../arm-atollic-eabi/lib/armv6-m\libc_nano.a(lib_a-nano-mallocr.o)
                0x20003fe0                __malloc_free_list
 .bss.__malloc_sbrk_start
                0x20003fe4        0x4 c:/program files (x86)/atollic/truestudio for stm32 9.0.1/armtools/bin/../lib/gcc/arm-atollic-eabi/6.3.1/../../../../arm-atollic-eabi/lib/armv6-m\libc_nano.a(lib_a-nano-mallocr.o)
                0x20003fe4                __malloc_sbrk_start
 .bss.__tzname_dst
                0x20003fe8        0xb c:/program files (x86)/atollic/truestudio for stm32 9.0.1/armtools/bin/../lib/gcc/arm-atollic-eabi/6.3.1/../../../../arm-atollic-eabi/lib/armv6-m\libc_nano.a(lib_a-tzset_r.o)
 .bss.__tzname_std
                0x20003ff3        0xb c:/program files (x86)/atollic/truestudio for stm32 9.0.1/armtools/bin/../lib/gcc/arm-atollic-eabi/6.3.1/../../../../arm-atollic-eabi/lib/armv6-m\libc_nano.a(lib_a-tzset_r.o)
 *fill*         0x20003ffe        0x2 
 .bss.prev_tzenv
                0x20004000        0x4 c:/program files (x86)/atollic/truestudio for stm32 9.0.1/armtools/bin/../lib/gcc/arm-atollic-eabi/6.3.1/../../../../arm-atollic-eabi/lib/armv6-m\libc_nano.a(lib_a-tzset_r.o)
 .bss._daylight
                0x20004004        0x4 c:/program files (x86)/atollic/truestudio for stm32 9.0.1/armtools/bin/../lib/gcc/arm-atollic-eabi/6.3.1/../../../../arm-atollic-eabi/lib/armv6-m\libc_nano.a(lib_a-tzvars.o)
                0x20004004                _daylight
 .bss._timezone
                0x20004008        0x4 c:/program files (x86)/atollic/truestudio for stm32 9.0.1/armtools/bin/../lib/gcc/arm-atollic-eabi/6.3.1/../../../../arm-atollic-eabi/lib/armv6-m\libc_nano.a(lib_a-tzvars.o)
                0x20004008                _timezone
 .bss.initial_env
                0x2000400c        0x4 c:/program files (x86)/atollic/truestudio for stm32 9.0.1/armtools/bin/../lib/gcc/arm-atollic-eabi/6.3.1/../../../../arm-atollic-eabi/lib/armv6-m\libc_nano.a(lib_a-environ.o)
 .bss.heap_end.4116
                0x20004010        0x4 c:/program files (x86)/atollic/truestudio for stm32 9.0.1/armtools/bin/../lib/gcc/arm-atollic-eabi/6.3.1/../../../../arm-atollic-eabi/lib/armv6-m\libnosys.a(sbrk.o)
 *(COMMON)
 COMMON         0x20004014     0x109c src\Flash.o
                0x20004014                Send
                0x20004868                nEvents
                0x2000486c                flash_Mutex
                0x20004870                ThePage
 COMMON         0x200050b0       0x35 src\main.o
                0x200050b0                Check_VT
                0x200050b4                Periodic
                0x200050b8                Set_Temp_Update_Rate
                0x200050bc                Current_Mode
                0x200050c0                NewSecond
                0x200050c4                Board_Fails
                0x200050c8                Set_Volt_Update_Rate
                0x200050c9                Tampered
                0x200050ca                Need_Volts
                0x200050cc                epoch_Mutex
                0x200050d0                TheTime
                0x200050d8                Battery_Size
                0x200050dc                connect_Semaphore
                0x200050e0                gPOR
                0x200050e4                Need_Temp
 *fill*         0x200050e5        0x3 
 COMMON         0x200050e8       0x38 src\process.o
                0x200050e8                V_del
                0x200050ec                Current_Volts
                0x200050f0                Last_Volts
                0x200050f4                Last_Logged_Temp
                0x200050f8                T_delx
                0x200050fc                Current_Temp
                0x20005100                V_lwr
                0x20005104                T_del
                0x20005108                Last_Temp
                0x2000510c                V_delx
                0x20005110                Last_Logged_Volts
                0x20005114                V_upr
                0x20005118                Config
 COMMON         0x20005120      0x124 src\uart1.o
                0x20005120                uart1_RxMutex
                0x20005124                uart1_RxFlags
                0x20005128                uart1_TxMutex
                0x2000512c                uart1_TxBuf
                0x200051ac                uart1_TxBufTail
                0x200051b0                uart1_RxBufHead
                0x200051b4                uart1_TxBufHead
                0x200051b8                uart1_RxAvailableSemaphore
                0x200051bc                uart1_RxBufTail
                0x200051c0                uart1_TxDrainedSemaphore
                0x200051c4                uart1_RxBuf
 COMMON         0x20005244      0x124 src\uart5.o
                0x20005244                uart5_RxBufHead
                0x20005248                uart5_TxBuf
                0x200052c8                uart5_TxDrainedSemaphore
                0x200052cc                uart5_TxMutex
                0x200052d0                uart5_RxAvailableSemaphore
                0x200052d4                uart5_RxBufTail
                0x200052d8                uart5_TxBufTail
                0x200052dc                uart5_TxBufHead
                0x200052e0                uart5_RxFlags
                0x200052e4                uart5_RxBuf
                0x20005364                uart5_RxMutex
 COMMON         0x20005368        0x4 c:/program files (x86)/atollic/truestudio for stm32 9.0.1/armtools/bin/../lib/gcc/arm-atollic-eabi/6.3.1/../../../../arm-atollic-eabi/lib/armv6-m\libc_nano.a(lib_a-reent.o)
                0x20005368                errno
                0x2000536c                . = ALIGN (0x4)
                0x2000536c                _ebss = .
                0x2000536c                __bss_end__ = _ebss

._user_heap_stack
                0x2000536c      0x100 load address 0x0800a7e8
                0x2000536c                . = ALIGN (0x4)
                0x2000536c                PROVIDE (end, .)
                [!provide]                PROVIDE (_end, .)
                0x2000536c                . = (. + _Min_Heap_Size)
                0x2000546c                . = (. + _Min_Stack_Size)
 *fill*         0x2000536c      0x100 
                0x2000546c                . = ALIGN (0x4)

.memory_b1_text
 *(.mb1text)
 *(.mb1text*)
 *(.mb1rodata)
 *(.mb1rodata*)

/DISCARD/
 libc.a(*)
 libm.a(*)
 libgcc.a(*)

.ARM.attributes
                0x00000000       0x28
 *(.ARM.attributes)
 .ARM.attributes
                0x00000000       0x1e c:/program files (x86)/atollic/truestudio for stm32 9.0.1/armtools/bin/../lib/gcc/arm-atollic-eabi/6.3.1/armv6-m/crti.o
 .ARM.attributes
                0x0000001e       0x2c c:/program files (x86)/atollic/truestudio for stm32 9.0.1/armtools/bin/../lib/gcc/arm-atollic-eabi/6.3.1/armv6-m/crtbegin.o
 .ARM.attributes
                0x0000004a       0x31 FreeRTOS_Source\list.o
 .ARM.attributes
                0x0000007b       0x31 FreeRTOS_Source\portable\GCC\ARM_CM0\port.o
 .ARM.attributes
                0x000000ac       0x31 FreeRTOS_Source\portable\MemMang\heap_1.o
 .ARM.attributes
                0x000000dd       0x31 FreeRTOS_Source\queue.o
 .ARM.attributes
                0x0000010e       0x31 FreeRTOS_Source\tasks.o
 .ARM.attributes
                0x0000013f       0x31 FreeRTOS_Source\timers.o
 .ARM.attributes
                0x00000170       0x31 Libraries\STM32F0xx_StdPeriph_Driver\src\stm32f0xx_gpio.o
 .ARM.attributes
                0x000001a1       0x31 Libraries\STM32F0xx_StdPeriph_Driver\src\stm32f0xx_misc.o
 .ARM.attributes
                0x000001d2       0x31 Libraries\STM32F0xx_StdPeriph_Driver\src\stm32f0xx_rcc.o
 .ARM.attributes
                0x00000203       0x31 Libraries\STM32F0xx_StdPeriph_Driver\src\stm32f0xx_spi.o
 .ARM.attributes
                0x00000234       0x31 Libraries\STM32F0xx_StdPeriph_Driver\src\stm32f0xx_usart.o
 .ARM.attributes
                0x00000265       0x31 src\Debug.o
 .ARM.attributes
                0x00000296       0x31 src\Flash.o
 .ARM.attributes
                0x000002c7       0x31 src\LED.o
 .ARM.attributes
                0x000002f8       0x31 src\Modem.o
 .ARM.attributes
                0x00000329       0x31 src\Temp.o
 .ARM.attributes
                0x0000035a       0x31 src\Volts.o
 .ARM.attributes
                0x0000038b       0x31 src\gsm.o
 .ARM.attributes
                0x000003bc       0x31 src\gsmtask.o
 .ARM.attributes
                0x000003ed       0x31 src\hal.o
 .ARM.attributes
                0x0000041e       0x31 src\main.o
 .ARM.attributes
                0x0000044f       0x31 src\micro_vprintf.o
 .ARM.attributes
                0x00000480       0x31 src\process.o
 .ARM.attributes
                0x000004b1       0x21 src\startup_stm32f030xc.o
 .ARM.attributes
                0x000004d2       0x31 src\stm32f0xx_it.o
 .ARM.attributes
                0x00000503       0x31 src\system_stm32f0xx.o
 .ARM.attributes
                0x00000534       0x31 src\uart1.o
 .ARM.attributes
                0x00000565       0x31 src\uart5.o
 .ARM.attributes
                0x00000596       0x2c c:/program files (x86)/atollic/truestudio for stm32 9.0.1/armtools/bin/../lib/gcc/arm-atollic-eabi/6.3.1/../../../../arm-atollic-eabi/lib/armv6-m\libc_nano.a(lib_a-init.o)
 .ARM.attributes
                0x000005c2       0x2c c:/program files (x86)/atollic/truestudio for stm32 9.0.1/armtools/bin/../lib/gcc/arm-atollic-eabi/6.3.1/../../../../arm-atollic-eabi/lib/armv6-m\libc_nano.a(lib_a-locale.o)
 .ARM.attributes
                0x000005ee       0x2c c:/program files (x86)/atollic/truestudio for stm32 9.0.1/armtools/bin/../lib/gcc/arm-atollic-eabi/6.3.1/../../../../arm-atollic-eabi/lib/armv6-m\libc_nano.a(lib_a-malloc.o)
 .ARM.attributes
                0x0000061a       0x2c c:/program files (x86)/atollic/truestudio for stm32 9.0.1/armtools/bin/../lib/gcc/arm-atollic-eabi/6.3.1/../../../../arm-atollic-eabi/lib/armv6-m\libc_nano.a(lib_a-mbtowc_r.o)
 .ARM.attributes
                0x00000646       0x2c c:/program files (x86)/atollic/truestudio for stm32 9.0.1/armtools/bin/../lib/gcc/arm-atollic-eabi/6.3.1/../../../../arm-atollic-eabi/lib/armv6-m\libc_nano.a(lib_a-memcmp.o)
 .ARM.attributes
                0x00000672       0x2c c:/program files (x86)/atollic/truestudio for stm32 9.0.1/armtools/bin/../lib/gcc/arm-atollic-eabi/6.3.1/../../../../arm-atollic-eabi/lib/armv6-m\libc_nano.a(lib_a-memcpy-stub.o)
 .ARM.attributes
                0x0000069e       0x2c c:/program files (x86)/atollic/truestudio for stm32 9.0.1/armtools/bin/../lib/gcc/arm-atollic-eabi/6.3.1/../../../../arm-atollic-eabi/lib/armv6-m\libc_nano.a(lib_a-memset.o)
 .ARM.attributes
                0x000006ca       0x2c c:/program files (x86)/atollic/truestudio for stm32 9.0.1/armtools/bin/../lib/gcc/arm-atollic-eabi/6.3.1/../../../../arm-atollic-eabi/lib/armv6-m\libc_nano.a(lib_a-mktime.o)
 .ARM.attributes
                0x000006f6       0x2c c:/program files (x86)/atollic/truestudio for stm32 9.0.1/armtools/bin/../lib/gcc/arm-atollic-eabi/6.3.1/../../../../arm-atollic-eabi/lib/armv6-m\libc_nano.a(lib_a-nano-freer.o)
 .ARM.attributes
                0x00000722       0x2c c:/program files (x86)/atollic/truestudio for stm32 9.0.1/armtools/bin/../lib/gcc/arm-atollic-eabi/6.3.1/../../../../arm-atollic-eabi/lib/armv6-m\libc_nano.a(lib_a-nano-mallocr.o)
 .ARM.attributes
                0x0000074e       0x2c c:/program files (x86)/atollic/truestudio for stm32 9.0.1/armtools/bin/../lib/gcc/arm-atollic-eabi/6.3.1/../../../../arm-atollic-eabi/lib/armv6-m\libc_nano.a(lib_a-sbrkr.o)
 .ARM.attributes
                0x0000077a       0x2c c:/program files (x86)/atollic/truestudio for stm32 9.0.1/armtools/bin/../lib/gcc/arm-atollic-eabi/6.3.1/../../../../arm-atollic-eabi/lib/armv6-m\libc_nano.a(lib_a-snprintf.o)
 .ARM.attributes
                0x000007a6       0x2c c:/program files (x86)/atollic/truestudio for stm32 9.0.1/armtools/bin/../lib/gcc/arm-atollic-eabi/6.3.1/../../../../arm-atollic-eabi/lib/armv6-m\libc_nano.a(lib_a-sprintf.o)
 .ARM.attributes
                0x000007d2       0x2c c:/program files (x86)/atollic/truestudio for stm32 9.0.1/armtools/bin/../lib/gcc/arm-atollic-eabi/6.3.1/../../../../arm-atollic-eabi/lib/armv6-m\libc_nano.a(lib_a-strcat.o)
 .ARM.attributes
                0x000007fe       0x2c c:/program files (x86)/atollic/truestudio for stm32 9.0.1/armtools/bin/../lib/gcc/arm-atollic-eabi/6.3.1/../../../../arm-atollic-eabi/lib/armv6-m\libc_nano.a(lib_a-strchr.o)
 .ARM.attributes
                0x0000082a       0x1c c:/program files (x86)/atollic/truestudio for stm32 9.0.1/armtools/bin/../lib/gcc/arm-atollic-eabi/6.3.1/../../../../arm-atollic-eabi/lib/armv6-m\libc_nano.a(lib_a-strcmp.o)
 .ARM.attributes
                0x00000846       0x2c c:/program files (x86)/atollic/truestudio for stm32 9.0.1/armtools/bin/../lib/gcc/arm-atollic-eabi/6.3.1/../../../../arm-atollic-eabi/lib/armv6-m\libc_nano.a(lib_a-strcpy.o)
 .ARM.attributes
                0x00000872       0x1c c:/program files (x86)/atollic/truestudio for stm32 9.0.1/armtools/bin/../lib/gcc/arm-atollic-eabi/6.3.1/../../../../arm-atollic-eabi/lib/armv6-m\libc_nano.a(lib_a-strlen.o)
 .ARM.attributes
                0x0000088e       0x2c c:/program files (x86)/atollic/truestudio for stm32 9.0.1/armtools/bin/../lib/gcc/arm-atollic-eabi/6.3.1/../../../../arm-atollic-eabi/lib/armv6-m\libc_nano.a(lib_a-strncmp.o)
 .ARM.attributes
                0x000008ba       0x2c c:/program files (x86)/atollic/truestudio for stm32 9.0.1/armtools/bin/../lib/gcc/arm-atollic-eabi/6.3.1/../../../../arm-atollic-eabi/lib/armv6-m\libc_nano.a(lib_a-strncpy.o)
 .ARM.attributes
                0x000008e6       0x2c c:/program files (x86)/atollic/truestudio for stm32 9.0.1/armtools/bin/../lib/gcc/arm-atollic-eabi/6.3.1/../../../../arm-atollic-eabi/lib/armv6-m\libc_nano.a(lib_a-strstr.o)
 .ARM.attributes
                0x00000912       0x2c c:/program files (x86)/atollic/truestudio for stm32 9.0.1/armtools/bin/../lib/gcc/arm-atollic-eabi/6.3.1/../../../../arm-atollic-eabi/lib/armv6-m\libc_nano.a(lib_a-strtol.o)
 .ARM.attributes
                0x0000093e       0x2c c:/program files (x86)/atollic/truestudio for stm32 9.0.1/armtools/bin/../lib/gcc/arm-atollic-eabi/6.3.1/../../../../arm-atollic-eabi/lib/armv6-m\libc_nano.a(lib_a-tzcalc_limits.o)
 .ARM.attributes
                0x0000096a       0x2c c:/program files (x86)/atollic/truestudio for stm32 9.0.1/armtools/bin/../lib/gcc/arm-atollic-eabi/6.3.1/../../../../arm-atollic-eabi/lib/armv6-m\libc_nano.a(lib_a-tzlock.o)
 .ARM.attributes
                0x00000996       0x2c c:/program files (x86)/atollic/truestudio for stm32 9.0.1/armtools/bin/../lib/gcc/arm-atollic-eabi/6.3.1/../../../../arm-atollic-eabi/lib/armv6-m\libc_nano.a(lib_a-tzset.o)
 .ARM.attributes
                0x000009c2       0x2c c:/program files (x86)/atollic/truestudio for stm32 9.0.1/armtools/bin/../lib/gcc/arm-atollic-eabi/6.3.1/../../../../arm-atollic-eabi/lib/armv6-m\libc_nano.a(lib_a-tzset_r.o)
 .ARM.attributes
                0x000009ee       0x2c c:/program files (x86)/atollic/truestudio for stm32 9.0.1/armtools/bin/../lib/gcc/arm-atollic-eabi/6.3.1/../../../../arm-atollic-eabi/lib/armv6-m\libc_nano.a(lib_a-tzvars.o)
 .ARM.attributes
                0x00000a1a       0x2c c:/program files (x86)/atollic/truestudio for stm32 9.0.1/armtools/bin/../lib/gcc/arm-atollic-eabi/6.3.1/../../../../arm-atollic-eabi/lib/armv6-m\libc_nano.a(lib_a-vsnprintf.o)
 .ARM.attributes
                0x00000a46       0x2c c:/program files (x86)/atollic/truestudio for stm32 9.0.1/armtools/bin/../lib/gcc/arm-atollic-eabi/6.3.1/../../../../arm-atollic-eabi/lib/armv6-m\libc_nano.a(lib_a-wctomb_r.o)
 .ARM.attributes
                0x00000a72       0x2c c:/program files (x86)/atollic/truestudio for stm32 9.0.1/armtools/bin/../lib/gcc/arm-atollic-eabi/6.3.1/../../../../arm-atollic-eabi/lib/armv6-m\libc_nano.a(lib_a-ctype_.o)
 .ARM.attributes
                0x00000a9e       0x2c c:/program files (x86)/atollic/truestudio for stm32 9.0.1/armtools/bin/../lib/gcc/arm-atollic-eabi/6.3.1/../../../../arm-atollic-eabi/lib/armv6-m\libc_nano.a(lib_a-div.o)
 .ARM.attributes
                0x00000aca       0x2c c:/program files (x86)/atollic/truestudio for stm32 9.0.1/armtools/bin/../lib/gcc/arm-atollic-eabi/6.3.1/../../../../arm-atollic-eabi/lib/armv6-m\libc_nano.a(lib_a-getenv_r.o)
 .ARM.attributes
                0x00000af6       0x2c c:/program files (x86)/atollic/truestudio for stm32 9.0.1/armtools/bin/../lib/gcc/arm-atollic-eabi/6.3.1/../../../../arm-atollic-eabi/lib/armv6-m\libc_nano.a(lib_a-gettzinfo.o)
 .ARM.attributes
                0x00000b22       0x2c c:/program files (x86)/atollic/truestudio for stm32 9.0.1/armtools/bin/../lib/gcc/arm-atollic-eabi/6.3.1/../../../../arm-atollic-eabi/lib/armv6-m\libc_nano.a(lib_a-impure.o)
 .ARM.attributes
                0x00000b4e       0x2c c:/program files (x86)/atollic/truestudio for stm32 9.0.1/armtools/bin/../lib/gcc/arm-atollic-eabi/6.3.1/../../../../arm-atollic-eabi/lib/armv6-m\libc_nano.a(lib_a-mlock.o)
 .ARM.attributes
                0x00000b7a       0x2c c:/program files (x86)/atollic/truestudio for stm32 9.0.1/armtools/bin/../lib/gcc/arm-atollic-eabi/6.3.1/../../../../arm-atollic-eabi/lib/armv6-m\libc_nano.a(lib_a-month_lengths.o)
 .ARM.attributes
                0x00000ba6       0x2c c:/program files (x86)/atollic/truestudio for stm32 9.0.1/armtools/bin/../lib/gcc/arm-atollic-eabi/6.3.1/../../../../arm-atollic-eabi/lib/armv6-m\libc_nano.a(lib_a-nano-svfprintf.o)
 .ARM.attributes
                0x00000bd2       0x2c c:/program files (x86)/atollic/truestudio for stm32 9.0.1/armtools/bin/../lib/gcc/arm-atollic-eabi/6.3.1/../../../../arm-atollic-eabi/lib/armv6-m\libc_nano.a(lib_a-nano-vfprintf_i.o)
 .ARM.attributes
                0x00000bfe       0x2c c:/program files (x86)/atollic/truestudio for stm32 9.0.1/armtools/bin/../lib/gcc/arm-atollic-eabi/6.3.1/../../../../arm-atollic-eabi/lib/armv6-m\libc_nano.a(lib_a-reent.o)
 .ARM.attributes
                0x00000c2a       0x2c c:/program files (x86)/atollic/truestudio for stm32 9.0.1/armtools/bin/../lib/gcc/arm-atollic-eabi/6.3.1/../../../../arm-atollic-eabi/lib/armv6-m\libc_nano.a(lib_a-sscanf.o)
 .ARM.attributes
                0x00000c56       0x2c c:/program files (x86)/atollic/truestudio for stm32 9.0.1/armtools/bin/../lib/gcc/arm-atollic-eabi/6.3.1/../../../../arm-atollic-eabi/lib/armv6-m\libc_nano.a(lib_a-stdio.o)
 .ARM.attributes
                0x00000c82       0x2c c:/program files (x86)/atollic/truestudio for stm32 9.0.1/armtools/bin/../lib/gcc/arm-atollic-eabi/6.3.1/../../../../arm-atollic-eabi/lib/armv6-m\libc_nano.a(lib_a-strtoul.o)
 .ARM.attributes
                0x00000cae       0x2c c:/program files (x86)/atollic/truestudio for stm32 9.0.1/armtools/bin/../lib/gcc/arm-atollic-eabi/6.3.1/../../../../arm-atollic-eabi/lib/armv6-m\libc_nano.a(lib_a-environ.o)
 .ARM.attributes
                0x00000cda       0x2c c:/program files (x86)/atollic/truestudio for stm32 9.0.1/armtools/bin/../lib/gcc/arm-atollic-eabi/6.3.1/../../../../arm-atollic-eabi/lib/armv6-m\libc_nano.a(lib_a-envlock.o)
 .ARM.attributes
                0x00000d06       0x2c c:/program files (x86)/atollic/truestudio for stm32 9.0.1/armtools/bin/../lib/gcc/arm-atollic-eabi/6.3.1/../../../../arm-atollic-eabi/lib/armv6-m\libc_nano.a(lib_a-memchr-stub.o)
 .ARM.attributes
                0x00000d32       0x2c c:/program files (x86)/atollic/truestudio for stm32 9.0.1/armtools/bin/../lib/gcc/arm-atollic-eabi/6.3.1/../../../../arm-atollic-eabi/lib/armv6-m\libc_nano.a(lib_a-memmove.o)
 .ARM.attributes
                0x00000d5e       0x2c c:/program files (x86)/atollic/truestudio for stm32 9.0.1/armtools/bin/../lib/gcc/arm-atollic-eabi/6.3.1/../../../../arm-atollic-eabi/lib/armv6-m\libc_nano.a(lib_a-nano-reallocr.o)
 .ARM.attributes
                0x00000d8a       0x2c c:/program files (x86)/atollic/truestudio for stm32 9.0.1/armtools/bin/../lib/gcc/arm-atollic-eabi/6.3.1/../../../../arm-atollic-eabi/lib/armv6-m\libc_nano.a(lib_a-nano-svfscanf.o)
 .ARM.attributes
                0x00000db6       0x2c c:/program files (x86)/atollic/truestudio for stm32 9.0.1/armtools/bin/../lib/gcc/arm-atollic-eabi/6.3.1/../../../../arm-atollic-eabi/lib/armv6-m\libc_nano.a(lib_a-nano-vfscanf_i.o)
 .ARM.attributes
                0x00000de2       0x2c c:/program files (x86)/atollic/truestudio for stm32 9.0.1/armtools/bin/../lib/gcc/arm-atollic-eabi/6.3.1/../../../../arm-atollic-eabi/lib/armv6-m\libc_nano.a(lib_a-sccl.o)
 .ARM.attributes
                0x00000e0e       0x2c c:/program files (x86)/atollic/truestudio for stm32 9.0.1/armtools/bin/../lib/gcc/arm-atollic-eabi/6.3.1/../../../../arm-atollic-eabi/lib/armv6-m\libc_nano.a(lib_a-ungetc.o)
 .ARM.attributes
                0x00000e3a       0x2c c:/program files (x86)/atollic/truestudio for stm32 9.0.1/armtools/bin/../lib/gcc/arm-atollic-eabi/6.3.1/../../../../arm-atollic-eabi/lib/armv6-m\libc_nano.a(lib_a-findfp.o)
 .ARM.attributes
                0x00000e66       0x2c c:/program files (x86)/atollic/truestudio for stm32 9.0.1/armtools/bin/../lib/gcc/arm-atollic-eabi/6.3.1/../../../../arm-atollic-eabi/lib/armv6-m\libc_nano.a(lib_a-nano-msizer.o)
 .ARM.attributes
                0x00000e92       0x1e c:/program files (x86)/atollic/truestudio for stm32 9.0.1/armtools/bin/../lib/gcc/arm-atollic-eabi/6.3.1/armv6-m\libgcc.a(_udivsi3.o)
 .ARM.attributes
                0x00000eb0       0x1e c:/program files (x86)/atollic/truestudio for stm32 9.0.1/armtools/bin/../lib/gcc/arm-atollic-eabi/6.3.1/armv6-m\libgcc.a(_divsi3.o)
 .ARM.attributes
                0x00000ece       0x1e c:/program files (x86)/atollic/truestudio for stm32 9.0.1/armtools/bin/../lib/gcc/arm-atollic-eabi/6.3.1/armv6-m\libgcc.a(_dvmd_tls.o)
 .ARM.attributes
                0x00000eec       0x1e c:/program files (x86)/atollic/truestudio for stm32 9.0.1/armtools/bin/../lib/gcc/arm-atollic-eabi/6.3.1/armv6-m\libgcc.a(_aeabi_uldivmod.o)
 .ARM.attributes
                0x00000f0a       0x2c c:/program files (x86)/atollic/truestudio for stm32 9.0.1/armtools/bin/../lib/gcc/arm-atollic-eabi/6.3.1/armv6-m\libgcc.a(_udivmoddi4.o)
 .ARM.attributes
                0x00000f36       0x1e c:/program files (x86)/atollic/truestudio for stm32 9.0.1/armtools/bin/../lib/gcc/arm-atollic-eabi/6.3.1/armv6-m\libgcc.a(_clzdi2.o)
 .ARM.attributes
                0x00000f54       0x1e c:/program files (x86)/atollic/truestudio for stm32 9.0.1/armtools/bin/../lib/gcc/arm-atollic-eabi/6.3.1/armv6-m\libgcc.a(_clzsi2.o)
 .ARM.attributes
                0x00000f72       0x2c c:/program files (x86)/atollic/truestudio for stm32 9.0.1/armtools/bin/../lib/gcc/arm-atollic-eabi/6.3.1/../../../../arm-atollic-eabi/lib/armv6-m\libnosys.a(sbrk.o)
 .ARM.attributes
                0x00000f9e       0x1e c:/program files (x86)/atollic/truestudio for stm32 9.0.1/armtools/bin/../lib/gcc/arm-atollic-eabi/6.3.1/armv6-m/crtn.o
OUTPUT(WatchDog.elf elf32-littlearm)

.debug_info     0x00000000    0x13ad1
 .debug_info    0x00000000      0xa9e FreeRTOS_Source\list.o
 .debug_info    0x00000a9e      0x1a9 FreeRTOS_Source\portable\GCC\ARM_CM0\port.o
 .debug_info    0x00000c47      0x991 FreeRTOS_Source\portable\MemMang\heap_1.o
 .debug_info    0x000015d8     0x1071 FreeRTOS_Source\queue.o
 .debug_info    0x00002649     0x158d FreeRTOS_Source\tasks.o
 .debug_info    0x00003bd6      0x6ee FreeRTOS_Source\timers.o
 .debug_info    0x000042c4      0x5f6 Libraries\STM32F0xx_StdPeriph_Driver\src\stm32f0xx_gpio.o
 .debug_info    0x000048ba      0x372 Libraries\STM32F0xx_StdPeriph_Driver\src\stm32f0xx_misc.o
 .debug_info    0x00004c2c      0xa6b Libraries\STM32F0xx_StdPeriph_Driver\src\stm32f0xx_rcc.o
 .debug_info    0x00005697      0xacb Libraries\STM32F0xx_StdPeriph_Driver\src\stm32f0xx_spi.o
 .debug_info    0x00006162      0xe6b Libraries\STM32F0xx_StdPeriph_Driver\src\stm32f0xx_usart.o
 .debug_info    0x00006fcd      0x924 src\Debug.o
 .debug_info    0x000078f1     0x1736 src\Flash.o
 .debug_info    0x00009027      0x1f2 src\LED.o
 .debug_info    0x00009219      0x8cf src\Modem.o
 .debug_info    0x00009ae8      0xcd7 src\Temp.o