stm32f0xx_rcc.c:146:6:RCC_DeInit	8	static
stm32f0xx_rcc.c:201:6:RCC_HSEConfig	16	static
stm32f0xx_rcc.c:227:13:RCC_WaitForHSEStartUp	24	static
stm32f0xx_rcc.c:261:6:RCC_AdjustHSICalibrationValue	24	static
stm32f0xx_rcc.c:295:6:RCC_HSICmd	16	static
stm32f0xx_rcc.c:321:6:RCC_AdjustHSI14CalibrationValue	24	static
stm32f0xx_rcc.c:352:6:RCC_HSI14Cmd	16	static
stm32f0xx_rcc.c:373:6:RCC_HSI14ADCRequestCmd	16	static
stm32f0xx_rcc.c:405:6:RCC_LSEConfig	16	static
stm32f0xx_rcc.c:431:6:RCC_LSEDriveConfig	16	static
stm32f0xx_rcc.c:455:6:RCC_LSICmd	16	static
stm32f0xx_rcc.c:488:6:RCC_PLLConfig	16	static
stm32f0xx_rcc.c:512:6:RCC_PLLCmd	16	static
stm32f0xx_rcc.c:538:6:RCC_HSI48Cmd	16	static
stm32f0xx_rcc.c:560:6:RCC_PREDIV1Config	24	static
stm32f0xx_rcc.c:587:6:RCC_ClockSecuritySystemCmd	16	static
stm32f0xx_rcc.c:656:6:RCC_MCOConfig	24	static
stm32f0xx_rcc.c:772:6:RCC_SYSCLKConfig	24	static
stm32f0xx_rcc.c:801:9:RCC_GetSYSCLKSource	8	static
stm32f0xx_rcc.c:822:6:RCC_HCLKConfig	24	static
stm32f0xx_rcc.c:853:6:RCC_PCLKConfig	24	static
stm32f0xx_rcc.c:884:6:RCC_ADCCLKConfig	16	static
stm32f0xx_rcc.c:909:6:RCC_CECCLKConfig	16	static
stm32f0xx_rcc.c:929:6:RCC_I2CCLKConfig	16	static
stm32f0xx_rcc.c:959:6:RCC_USARTCLKConfig	24	static
stm32f0xx_rcc.c:1000:6:RCC_USBCLKConfig	16	static
stm32f0xx_rcc.c:1053:6:RCC_GetClocksFreq	40	static
stm32f0xx_rcc.c:1285:6:RCC_RTCCLKConfig	16	static
stm32f0xx_rcc.c:1302:6:RCC_RTCCLKCmd	16	static
stm32f0xx_rcc.c:1325:6:RCC_BackupResetCmd	16	static
stm32f0xx_rcc.c:1363:6:RCC_AHBPeriphClockCmd	16	static
stm32f0xx_rcc.c:1402:6:RCC_APB2PeriphClockCmd	16	static
stm32f0xx_rcc.c:1448:6:RCC_APB1PeriphClockCmd	16	static
stm32f0xx_rcc.c:1479:6:RCC_AHBPeriphResetCmd	16	static
stm32f0xx_rcc.c:1515:6:RCC_APB2PeriphResetCmd	16	static
stm32f0xx_rcc.c:1558:6:RCC_APB1PeriphResetCmd	16	static
stm32f0xx_rcc.c:1610:6:RCC_ITConfig	16	static
stm32f0xx_rcc.c:1649:12:RCC_GetFlagStatus	32	static
stm32f0xx_rcc.c:1701:6:RCC_ClearFlag	8	static
stm32f0xx_rcc.c:1721:10:RCC_GetITStatus	24	static
stm32f0xx_rcc.c:1755:6:RCC_ClearITPendingBit	16	static
