stm32f0xx_crs.c:90:6:CRS_DeInit	8	static
stm32f0xx_crs.c:104:6:CRS_AdjustHSI48CalibrationValue	16	static
stm32f0xx_crs.c:121:6:CRS_FrequencyErrorCounterCmd	16	static
stm32f0xx_crs.c:142:6:CRS_AutomaticCalibrationCmd	16	static
stm32f0xx_crs.c:161:6:CRS_SoftwareSynchronizationGenerate	8	static
stm32f0xx_crs.c:175:6:CRS_FrequencyErrorCounterReload	16	static
stm32f0xx_crs.c:193:6:CRS_FrequencyErrorLimitConfig	16	static
stm32f0xx_crs.c:217:6:CRS_SynchronizationPrescalerConfig	16	static
stm32f0xx_crs.c:239:6:CRS_SynchronizationSourceConfig	16	static
stm32f0xx_crs.c:260:6:CRS_SynchronizationPolarityConfig	16	static
stm32f0xx_crs.c:277:10:CRS_GetReloadValue	8	static
stm32f0xx_crs.c:287:10:CRS_GetHSI48CalibrationValue	8	static
stm32f0xx_crs.c:297:10:CRS_GetFrequencyErrorValue	8	static
stm32f0xx_crs.c:310:10:CRS_GetFrequencyErrorDirection	8	static
stm32f0xx_crs.c:337:6:CRS_ITConfig	16	static
stm32f0xx_crs.c:366:12:CRS_GetFlagStatus	16	static
stm32f0xx_crs.c:387:6:CRS_ClearFlag	16	static
stm32f0xx_crs.c:415:10:CRS_GetITStatus	16	static
stm32f0xx_crs.c:436:6:CRS_ClearITPendingBit	16	static
