Flash.c:43:6:SPI1_Init	8	static
Flash.c:58:6:SPI_Wait	8	static
Flash.c:65:6:SPI_Tx_Wait	8	static
Flash.c:72:6:SPI_Rx_Wait	8	static
Flash.c:79:7:SPI_Write	32	static
Flash.c:92:7:SPI_Write_3	32	static
Flash.c:110:7:SPI_Write_4	32	static
Flash.c:129:6:Flash_Enable	8	static
Flash.c:135:6:Flash_Disable	8	static
Flash.c:141:7:Flash_Wait	24	static
Flash.c:154:6:DMA_Wait	16	static
Flash.c:183:6:DMA_Start_Read	16	static
Flash.c:206:6:DMA_Start_Write	16	static
Flash.c:230:6:Write_Status_Register	24	static
Flash.c:240:7:Read_Status_Register	32	static
Flash.c:253:6:Flash_Read_Page_Info	40	static
Flash.c:281:6:Flash_Erase_Block	32	static
Flash.c:305:6:Flash_Read_Page	40	static
Flash.c:332:6:Flash_Write_Page	40	static
Flash.c:373:6:Flash_Page_OK	24	static
Flash.c:390:6:Flash_Read_Unique_ID	16	static
Flash.c:416:6:Flash_Locate_Next_Page	16	static
Flash.c:457:6:Flash_Locate_Latest_Record	32	static
Flash.c:535:6:Flash_Mark_Page_Sent	40	static
Flash.c:575:6:Flash_Mark_Page_Bad	24	static
Flash.c:605:6:Flash_Write_Events	16	static
Flash.c:638:6:Begin_Report	24	static
Flash.c:664:6:Report_Callback	32	static
Flash.c:714:6:Successful_Xfer_Callback	8	static
Flash.c:735:6:flash_Log	48	static
Flash.c:764:13:Flash_Test	16	static
Flash.c:793:6:Flash_Init	8	static
