gsm.c:73:12:strnmatch	24	static
gsm.c:78:20:strfindend	24	static
gsm.c:83:12:get_ms_timeout	24	static
gsm.c:95:12:matchright	24	static
gsm.c:101:13:at_puts	24	static
gsm.c:108:13:scan	40	static
gsm.c:130:12:at_readbytes	56	static
gsm.c:189:13:_at_recv_after_send	32	static
gsm.c:206:13:at_recv_after_send	24	static
gsm.c:214:13:at_send	16	static
gsm.c:222:6:at_sleep	64	static
gsm.c:232:6:at_wake	64	static
gsm.c:246:13:at_init	40	static
gsm.c:300:15:scan_time	56	static
gsm.c:325:13:set_cipgsmloc	24	static
gsm.c:341:12:scan_gsmloc	40	static
gsm.c:374:8:trimwhitespace	32	static
gsm.c:410:5:gsm_get_IMEI	16	static
gsm.c:422:5:gsm_get_IMSI	16	static
gsm.c:433:6:gsm_set_apn	16	static
gsm.c:438:5:gsm_get_location_and_time	40	static
gsm.c:448:13:gsm_get_cipgsmloc	8	static
gsm.c:452:5:gsm_send_json	40	static
gsm.c:600:6:logmsg	144	static
gsm.c:612:6:logbytes	40	static
