main.c:195:5:main	32	static
main.c:262:13:vExampleTimerCallback	16	static
main.c:276:13:Show_Board_Failure	8	static
main.c:291:13:prvMainTask	32	static
main.c:359:6:vApplicationTickHook	16	static
main.c:380:6:vApplicationMallocFailedHook	8	static
main.c:395:6:vApplicationStackOverflowHook	16	static
main.c:410:6:vApplicationIdleHook	16	static
main.c:433:13:prvSetupHardware	8	static
main.c:445:5:uS_Delay	24	static
main.c:459:6:Do_Time	16	static
main.c:490:8:Get_time	16	static
main.c:500:6:Vars_Init	8	static
